iris-dev ./configs/config.dev.yaml
[2020-07-30 02:08:03 -0400] [17831] [INFO] Starting gunicorn 20.0.4
[2020-07-30 02:08:03 -0400] [17831] [INFO] Listening at: http://0.0.0.0:16649 (17831)
[2020-07-30 02:08:03 -0400] [17831] [INFO] Using worker: gevent
[2020-07-30 02:08:03 -0400] [17834] [INFO] Booting worker with pid: 17834
[2020-07-30 02:08:03 -0400] [17834] [INFO] iris.api Not using ZK to get senders. Using host ('127.0.0.1', 2321) for master instead.
[2020-07-30 02:08:03 -0400] [17834] [INFO] iris.ui Web asset root: "/home/osboxes/iris/src/iris/ui"
[2020-07-30 02:08:03 -0400] [17834] [INFO] iris.ui Building bundle: bundles/jquery.libs.js
[2020-07-30 02:08:03 -0400] [17834] [INFO] iris.ui Building bundle: bundles/bootstrap.libs.js
[2020-07-30 02:08:03 -0400] [17834] [INFO] iris.ui Building bundle: bundles/iris.js
[2020-07-30 02:08:04 -0400] [17834] [INFO] iris.ui Building bundle: bundles/libs.css
[2020-07-30 02:08:05 -0400] [17834] [INFO] iris.ui Building bundle: bundles/iris.css
iris-dev ./configs/config.dev.yaml
[2020-07-30 02:08:40 -0400] [17849] [INFO] Starting gunicorn 20.0.4
[2020-07-30 02:08:40 -0400] [17849] [ERROR] Connection in use: ('0.0.0.0', 16649)
[2020-07-30 02:08:40 -0400] [17849] [ERROR] Retrying in 1 second.
[2020-07-30 02:08:41 -0400] [17849] [ERROR] Connection in use: ('0.0.0.0', 16649)
[2020-07-30 02:08:41 -0400] [17849] [ERROR] Retrying in 1 second.
[2020-07-30 02:08:42 -0400] [17849] [ERROR] Connection in use: ('0.0.0.0', 16649)
[2020-07-30 02:08:42 -0400] [17849] [ERROR] Retrying in 1 second.
[2020-07-30 02:08:43 -0400] [17849] [ERROR] Connection in use: ('0.0.0.0', 16649)
[2020-07-30 02:08:43 -0400] [17849] [ERROR] Retrying in 1 second.
[2020-07-30 02:08:44 -0400] [17849] [ERROR] Connection in use: ('0.0.0.0', 16649)
[2020-07-30 02:08:44 -0400] [17849] [ERROR] Retrying in 1 second.
[2020-07-30 02:08:45 -0400] [17849] [ERROR] Can't connect to ('0.0.0.0', 16649)
make: *** [serve] Error 1
192.168.1.2 - - [30/Jul/2020:02:39:30 -0400] "GET / HTTP/1.1" 302 0 "-" "Mozilla/5.0 (Macintosh; Intel Mac OS X 10_15_5) AppleWebKit/537.36 (KHTML, like Gecko) Chrome/84.0.4147.89 Safari/537.36"
192.168.1.2 - - [30/Jul/2020:02:39:30 -0400] "GET /login/ HTTP/1.1" 200 1840 "-" "Mozilla/5.0 (Macintosh; Intel Mac OS X 10_15_5) AppleWebKit/537.36 (KHTML, like Gecko) Chrome/84.0.4147.89 Safari/537.36"
192.168.1.2 - - [30/Jul/2020:02:39:30 -0400] "GET /static/bundles/iris.css?49116668 HTTP/1.1" 200 0 "http://192.168.1.6:16649/login/" "Mozilla/5.0 (Macintosh; Intel Mac OS X 10_15_5) AppleWebKit/537.36 (KHTML, like Gecko) Chrome/84.0.4147.89 Safari/537.36"
192.168.1.2 - - [30/Jul/2020:02:39:30 -0400] "GET /static/bundles/libs.css?126f96b3 HTTP/1.1" 200 0 "http://192.168.1.6:16649/login/" "Mozilla/5.0 (Macintosh; Intel Mac OS X 10_15_5) AppleWebKit/537.36 (KHTML, like Gecko) Chrome/84.0.4147.89 Safari/537.36"
192.168.1.2 - - [30/Jul/2020:02:39:30 -0400] "GET /static/bundles/jquery.libs.js?5abce2e8 HTTP/1.1" 200 0 "http://192.168.1.6:16649/login/" "Mozilla/5.0 (Macintosh; Intel Mac OS X 10_15_5) AppleWebKit/537.36 (KHTML, like Gecko) Chrome/84.0.4147.89 Safari/537.36"
192.168.1.2 - - [30/Jul/2020:02:39:30 -0400] "GET /static/bundles/iris.js?4678675e HTTP/1.1" 200 0 "http://192.168.1.6:16649/login/" "Mozilla/5.0 (Macintosh; Intel Mac OS X 10_15_5) AppleWebKit/537.36 (KHTML, like Gecko) Chrome/84.0.4147.89 Safari/537.36"
192.168.1.2 - - [30/Jul/2020:02:39:30 -0400] "GET /static/images/iris.png HTTP/1.1" 200 0 "http://192.168.1.6:16649/login/" "Mozilla/5.0 (Macintosh; Intel Mac OS X 10_15_5) AppleWebKit/537.36 (KHTML, like Gecko) Chrome/84.0.4147.89 Safari/537.36"
192.168.1.2 - - [30/Jul/2020:02:39:31 -0400] "GET /static/bundles/bootstrap.libs.js?b9542e11 HTTP/1.1" 200 0 "http://192.168.1.6:16649/login/" "Mozilla/5.0 (Macintosh; Intel Mac OS X 10_15_5) AppleWebKit/537.36 (KHTML, like Gecko) Chrome/84.0.4147.89 Safari/537.36"
192.168.1.2 - - [30/Jul/2020:02:39:31 -0400] "GET /static/images/iris.png?v=2 HTTP/1.1" 200 0 "http://192.168.1.6:16649/login/" "Mozilla/5.0 (Macintosh; Intel Mac OS X 10_15_5) AppleWebKit/537.36 (KHTML, like Gecko) Chrome/84.0.4147.89 Safari/537.36"
Aborting response due to origin not allowed
[2020-07-30 02:39:42 -0400] [17834] [INFO] falcon_cors Aborting response due to origin not allowed
[2020-07-30 02:39:42 -0400] [17834] [INFO] iris.ui Successful login for demo
192.168.1.2 - - [30/Jul/2020:02:39:42 -0400] "POST /login/ HTTP/1.1" 302 0 "http://192.168.1.6:16649/login/" "Mozilla/5.0 (Macintosh; Intel Mac OS X 10_15_5) AppleWebKit/537.36 (KHTML, like Gecko) Chrome/84.0.4147.89 Safari/537.36"
127.0.0.1 - - [30/Jul/2020:02:39:42 -0400] "GET /v0/applications HTTP/1.1" 200 3107 "-" "python-requests/2.24.0"
192.168.1.2 - - [30/Jul/2020:02:39:42 -0400] "GET /incidents HTTP/1.1" 200 15144 "http://192.168.1.6:16649/login/" "Mozilla/5.0 (Macintosh; Intel Mac OS X 10_15_5) AppleWebKit/537.36 (KHTML, like Gecko) Chrome/84.0.4147.89 Safari/537.36"
192.168.1.2 - - [30/Jul/2020:02:39:42 -0400] "GET /static/bundles/libs.css?126f96b3 HTTP/1.1" 200 0 "http://192.168.1.6:16649/incidents" "Mozilla/5.0 (Macintosh; Intel Mac OS X 10_15_5) AppleWebKit/537.36 (KHTML, like Gecko) Chrome/84.0.4147.89 Safari/537.36"
192.168.1.2 - - [30/Jul/2020:02:39:42 -0400] "GET /static/bundles/iris.css?49116668 HTTP/1.1" 200 0 "http://192.168.1.6:16649/incidents" "Mozilla/5.0 (Macintosh; Intel Mac OS X 10_15_5) AppleWebKit/537.36 (KHTML, like Gecko) Chrome/84.0.4147.89 Safari/537.36"
192.168.1.2 - - [30/Jul/2020:02:39:42 -0400] "GET /static/bundles/jquery.libs.js?5abce2e8 HTTP/1.1" 200 0 "http://192.168.1.6:16649/incidents" "Mozilla/5.0 (Macintosh; Intel Mac OS X 10_15_5) AppleWebKit/537.36 (KHTML, like Gecko) Chrome/84.0.4147.89 Safari/537.36"
192.168.1.2 - - [30/Jul/2020:02:39:42 -0400] "GET /static/bundles/iris.js?4678675e HTTP/1.1" 200 0 "http://192.168.1.6:16649/incidents" "Mozilla/5.0 (Macintosh; Intel Mac OS X 10_15_5) AppleWebKit/537.36 (KHTML, like Gecko) Chrome/84.0.4147.89 Safari/537.36"
192.168.1.2 - - [30/Jul/2020:02:39:42 -0400] "GET /static/images/iris.png HTTP/1.1" 200 0 "http://192.168.1.6:16649/incidents" "Mozilla/5.0 (Macintosh; Intel Mac OS X 10_15_5) AppleWebKit/537.36 (KHTML, like Gecko) Chrome/84.0.4147.89 Safari/537.36"
192.168.1.2 - - [30/Jul/2020:02:39:42 -0400] "GET /static/bundles/bootstrap.libs.js?b9542e11 HTTP/1.1" 200 0 "http://192.168.1.6:16649/incidents" "Mozilla/5.0 (Macintosh; Intel Mac OS X 10_15_5) AppleWebKit/537.36 (KHTML, like Gecko) Chrome/84.0.4147.89 Safari/537.36"
192.168.1.2 - - [30/Jul/2020:02:39:42 -0400] "GET /static/images/chevron-down.png HTTP/1.1" 200 0 "http://192.168.1.6:16649/static/bundles/iris.css?49116668" "Mozilla/5.0 (Macintosh; Intel Mac OS X 10_15_5) AppleWebKit/537.36 (KHTML, like Gecko) Chrome/84.0.4147.89 Safari/537.36"
192.168.1.2 - - [30/Jul/2020:02:39:42 -0400] "GET /v0/incidents/?target=demo&created__ge=1596004740&active=1&fields=id&fields=owner&fields=application&fields=plan&fields=plan_id&fields=created&fields=updated&fields=active&fields=current_step&limit=500 HTTP/1.1" 200 2 "http://192.168.1.6:16649/incidents" "Mozilla/5.0 (Macintosh; Intel Mac OS X 10_15_5) AppleWebKit/537.36 (KHTML, like Gecko) Chrome/84.0.4147.89 Safari/537.36"
192.168.1.2 - - [30/Jul/2020:02:39:43 -0400] "GET /static/images/sprite-green.png HTTP/1.1" 200 0 "http://192.168.1.6:16649/static/bundles/iris.css?49116668" "Mozilla/5.0 (Macintosh; Intel Mac OS X 10_15_5) AppleWebKit/537.36 (KHTML, like Gecko) Chrome/84.0.4147.89 Safari/537.36"
Aborting response due to origin not allowed
[2020-07-30 02:39:43 -0400] [17834] [INFO] falcon_cors Aborting response due to origin not allowed
192.168.1.2 - - [30/Jul/2020:02:39:43 -0400] "GET /static/fonts/glyphicons-halflings-regular.woff2 HTTP/1.1" 200 0 "http://192.168.1.6:16649/static/bundles/libs.css?126f96b3" "Mozilla/5.0 (Macintosh; Intel Mac OS X 10_15_5) AppleWebKit/537.36 (KHTML, like Gecko) Chrome/84.0.4147.89 Safari/537.36"
192.168.1.2 - - [30/Jul/2020:02:39:43 -0400] "GET /v0/targets/user?startswith=demo&active=1 HTTP/1.1" 200 8 "http://192.168.1.6:16649/incidents" "Mozilla/5.0 (Macintosh; Intel Mac OS X 10_15_5) AppleWebKit/537.36 (KHTML, like Gecko) Chrome/84.0.4147.89 Safari/537.36"
192.168.1.2 - - [30/Jul/2020:03:23:08 -0400] "GET /static/bundles/libs.css?126f96b3 HTTP/1.1" 200 0 "http://192.168.1.6:16649/incidents" "Mozilla/5.0 (Macintosh; Intel Mac OS X 10_15_5) AppleWebKit/537.36 (KHTML, like Gecko) Chrome/84.0.4147.89 Safari/537.36"
192.168.1.2 - - [30/Jul/2020:03:23:08 -0400] "GET /static/bundles/iris.css?49116668 HTTP/1.1" 200 0 "http://192.168.1.6:16649/incidents" "Mozilla/5.0 (Macintosh; Intel Mac OS X 10_15_5) AppleWebKit/537.36 (KHTML, like Gecko) Chrome/84.0.4147.89 Safari/537.36"
127.0.0.1 - - [30/Jul/2020:05:15:11 -0400] "GET /v0/applications HTTP/1.1" 200 3107 "-" "python-requests/2.24.0"
192.168.1.2 - - [30/Jul/2020:05:15:11 -0400] "GET /incidents HTTP/1.1" 200 15144 "http://192.168.1.6:16649/login/" "Mozilla/5.0 (Macintosh; Intel Mac OS X 10_15_5) AppleWebKit/537.36 (KHTML, like Gecko) Chrome/84.0.4147.89 Safari/537.36"
192.168.1.2 - - [30/Jul/2020:05:15:11 -0400] "GET /static/bundles/iris.css?49116668 HTTP/1.1" 200 0 "http://192.168.1.6:16649/incidents" "Mozilla/5.0 (Macintosh; Intel Mac OS X 10_15_5) AppleWebKit/537.36 (KHTML, like Gecko) Chrome/84.0.4147.89 Safari/537.36"
192.168.1.2 - - [30/Jul/2020:05:15:11 -0400] "GET /static/bundles/libs.css?126f96b3 HTTP/1.1" 200 0 "http://192.168.1.6:16649/incidents" "Mozilla/5.0 (Macintosh; Intel Mac OS X 10_15_5) AppleWebKit/537.36 (KHTML, like Gecko) Chrome/84.0.4147.89 Safari/537.36"
192.168.1.2 - - [30/Jul/2020:05:15:13 -0400] "GET /static/bundles/iris.js?4678675e HTTP/1.1" 200 0 "http://192.168.1.6:16649/incidents" "Mozilla/5.0 (Macintosh; Intel Mac OS X 10_15_5) AppleWebKit/537.36 (KHTML, like Gecko) Chrome/84.0.4147.89 Safari/537.36"
192.168.1.2 - - [30/Jul/2020:05:15:13 -0400] "GET /static/bundles/bootstrap.libs.js?b9542e11 HTTP/1.1" 200 0 "http://192.168.1.6:16649/incidents" "Mozilla/5.0 (Macintosh; Intel Mac OS X 10_15_5) AppleWebKit/537.36 (KHTML, like Gecko) Chrome/84.0.4147.89 Safari/537.36"
192.168.1.2 - - [30/Jul/2020:05:15:13 -0400] "GET /static/bundles/jquery.libs.js?5abce2e8 HTTP/1.1" 200 0 "http://192.168.1.6:16649/incidents" "Mozilla/5.0 (Macintosh; Intel Mac OS X 10_15_5) AppleWebKit/537.36 (KHTML, like Gecko) Chrome/84.0.4147.89 Safari/537.36"
192.168.1.2 - - [30/Jul/2020:05:15:13 -0400] "GET /static/images/iris.png HTTP/1.1" 200 0 "http://192.168.1.6:16649/incidents" "Mozilla/5.0 (Macintosh; Intel Mac OS X 10_15_5) AppleWebKit/537.36 (KHTML, like Gecko) Chrome/84.0.4147.89 Safari/537.36"
192.168.1.2 - - [30/Jul/2020:05:15:13 -0400] "GET /static/images/chevron-down.png HTTP/1.1" 200 0 "http://192.168.1.6:16649/static/bundles/iris.css?49116668" "Mozilla/5.0 (Macintosh; Intel Mac OS X 10_15_5) AppleWebKit/537.36 (KHTML, like Gecko) Chrome/84.0.4147.89 Safari/537.36"
192.168.1.2 - - [30/Jul/2020:05:15:13 -0400] "GET /v0/incidents/?target=demo&created__ge=1596017160&active=1&fields=id&fields=owner&fields=application&fields=plan&fields=plan_id&fields=created&fields=updated&fields=active&fields=current_step&limit=500 HTTP/1.1" 200 2 "http://192.168.1.6:16649/incidents" "Mozilla/5.0 (Macintosh; Intel Mac OS X 10_15_5) AppleWebKit/537.36 (KHTML, like Gecko) Chrome/84.0.4147.89 Safari/537.36"
192.168.1.2 - - [30/Jul/2020:05:15:14 -0400] "GET /static/images/sprite-green.png HTTP/1.1" 200 0 "http://192.168.1.6:16649/static/bundles/iris.css?49116668" "Mozilla/5.0 (Macintosh; Intel Mac OS X 10_15_5) AppleWebKit/537.36 (KHTML, like Gecko) Chrome/84.0.4147.89 Safari/537.36"
Aborting response due to origin not allowed
[2020-07-30 05:15:16 -0400] [17834] [INFO] falcon_cors Aborting response due to origin not allowed
192.168.1.2 - - [30/Jul/2020:05:15:16 -0400] "GET /static/fonts/glyphicons-halflings-regular.woff2 HTTP/1.1" 200 0 "http://192.168.1.6:16649/static/bundles/libs.css?126f96b3" "Mozilla/5.0 (Macintosh; Intel Mac OS X 10_15_5) AppleWebKit/537.36 (KHTML, like Gecko) Chrome/84.0.4147.89 Safari/537.36"
192.168.1.2 - - [30/Jul/2020:05:15:16 -0400] "GET /v0/targets/user?startswith=demo&active=1 HTTP/1.1" 200 8 "http://192.168.1.6:16649/incidents" "Mozilla/5.0 (Macintosh; Intel Mac OS X 10_15_5) AppleWebKit/537.36 (KHTML, like Gecko) Chrome/84.0.4147.89 Safari/537.36"
192.168.1.2 - - [30/Jul/2020:05:15:17 -0400] "GET /static/images/iris.png?v=2 HTTP/1.1" 200 0 "http://192.168.1.6:16649/incidents" "Mozilla/5.0 (Macintosh; Intel Mac OS X 10_15_5) AppleWebKit/537.36 (KHTML, like Gecko) Chrome/84.0.4147.89 Safari/537.36"
127.0.0.1 - - [30/Jul/2020:06:36:53 -0400] "GET /v0/target_roles HTTP/1.1" 200 176 "-" "python-requests/2.24.0"
127.0.0.1 - - [30/Jul/2020:06:36:53 -0400] "GET /v0/plans/?active=1&fields=id&fields=name HTTP/1.1" 200 194 "-" "python-requests/2.24.0"
127.0.0.1 - - [30/Jul/2020:06:36:54 -0400] "GET /v0/plans/demo-test-incident-post/?fields=threshold_window&fields=threshold_count&fields=aggregation_window&fields=creator&fields=aggregation_reset&fields=name&fields=tracking_type&fields=tracking_key&fields=tracking_template HTTP/1.1" 200 455 "-" "python-requests/2.24.0"
127.0.0.1 - - [30/Jul/2020:06:36:54 -0400] "GET /v0/plans/demo-test-other-app-incident-post/?fields=threshold_window&fields=threshold_count&fields=aggregation_window&fields=creator&fields=aggregation_reset&fields=name&fields=tracking_type&fields=tracking_key&fields=tracking_template HTTP/1.1" 200 467 "-" "python-requests/2.24.0"
127.0.0.1 - - [30/Jul/2020:06:36:54 -0400] "GET /v0/plans/demo-test-bar/?fields=threshold_window&fields=threshold_count&fields=aggregation_window&fields=creator&fields=aggregation_reset&fields=name&fields=tracking_type&fields=tracking_key&fields=tracking_template HTTP/1.1" 200 460 "-" "python-requests/2.24.0"
127.0.0.1 - - [30/Jul/2020:06:36:54 -0400] "GET /v0/plans/Oncall%20test/?fields=threshold_window&fields=threshold_count&fields=aggregation_window&fields=creator&fields=aggregation_reset&fields=name&fields=tracking_type&fields=tracking_key&fields=tracking_template HTTP/1.1" 200 727 "-" "python-requests/2.24.0"
127.0.0.1 - - [30/Jul/2020:06:36:54 -0400] "GET /v0/plans/demo-test-foo/?fields=threshold_window&fields=threshold_count&fields=aggregation_window&fields=creator&fields=aggregation_reset&fields=name&fields=tracking_type&fields=tracking_key&fields=tracking_template HTTP/1.1" 200 936 "-" "python-requests/2.24.0"
127.0.0.1 - - [30/Jul/2020:06:36:54 -0400] "GET /v0/templates/?active=1&fields=id&fields=name HTTP/1.1" 200 100 "-" "python-requests/2.24.0"
127.0.0.1 - - [30/Jul/2020:06:37:53 -0400] "GET /v0/plans/?active=1&fields=id&fields=name HTTP/1.1" 200 194 "-" "python-requests/2.24.0"
127.0.0.1 - - [30/Jul/2020:06:37:53 -0400] "GET /v0/templates/?active=1&fields=id&fields=name HTTP/1.1" 200 100 "-" "python-requests/2.24.0"
127.0.0.1 - - [30/Jul/2020:06:38:53 -0400] "GET /v0/plans/?active=1&fields=id&fields=name HTTP/1.1" 200 194 "-" "python-requests/2.24.0"
127.0.0.1 - - [30/Jul/2020:06:38:53 -0400] "GET /v0/templates/?active=1&fields=id&fields=name HTTP/1.1" 200 100 "-" "python-requests/2.24.0"
127.0.0.1 - - [30/Jul/2020:06:39:53 -0400] "GET /v0/plans/?active=1&fields=id&fields=name HTTP/1.1" 200 194 "-" "python-requests/2.24.0"
127.0.0.1 - - [30/Jul/2020:06:39:53 -0400] "GET /v0/templates/?active=1&fields=id&fields=name HTTP/1.1" 200 100 "-" "python-requests/2.24.0"
127.0.0.1 - - [30/Jul/2020:06:40:53 -0400] "GET /v0/plans/?active=1&fields=id&fields=name HTTP/1.1" 200 194 "-" "python-requests/2.24.0"
127.0.0.1 - - [30/Jul/2020:06:40:53 -0400] "GET /v0/templates/?active=1&fields=id&fields=name HTTP/1.1" 200 100 "-" "python-requests/2.24.0"
127.0.0.1 - - [30/Jul/2020:06:41:53 -0400] "GET /v0/plans/?active=1&fields=id&fields=name HTTP/1.1" 200 194 "-" "python-requests/2.24.0"
127.0.0.1 - - [30/Jul/2020:06:41:53 -0400] "GET /v0/templates/?active=1&fields=id&fields=name HTTP/1.1" 200 100 "-" "python-requests/2.24.0"
127.0.0.1 - - [30/Jul/2020:06:42:53 -0400] "GET /v0/plans/?active=1&fields=id&fields=name HTTP/1.1" 200 194 "-" "python-requests/2.24.0"
127.0.0.1 - - [30/Jul/2020:06:42:53 -0400] "GET /v0/templates/?active=1&fields=id&fields=name HTTP/1.1" 200 100 "-" "python-requests/2.24.0"
127.0.0.1 - - [30/Jul/2020:06:43:53 -0400] "GET /v0/plans/?active=1&fields=id&fields=name HTTP/1.1" 200 194 "-" "python-requests/2.24.0"
127.0.0.1 - - [30/Jul/2020:06:43:53 -0400] "GET /v0/templates/?active=1&fields=id&fields=name HTTP/1.1" 200 100 "-" "python-requests/2.24.0"
[2020-07-30 06:44:22 -0400] [17831] [INFO] Handling signal: hup
[2020-07-30 06:44:22 -0400] [17831] [INFO] Hang up: Master
[2020-07-30 06:44:23 -0400] [14245] [INFO] Booting worker with pid: 14245
[2020-07-30 06:44:26 -0400] [14245] [INFO] iris.api Not using ZK to get senders. Using host ('127.0.0.1', 2321) for master instead.
[2020-07-30 06:44:26 -0400] [14245] [INFO] iris.ui Web asset root: "/home/osboxes/iris/src/iris/ui"
[2020-07-30 06:44:27 -0400] [14245] [INFO] iris.ui Building bundle: bundles/jquery.libs.js
[2020-07-30 06:44:27 -0400] [14245] [INFO] iris.ui Building bundle: bundles/bootstrap.libs.js
[2020-07-30 06:44:27 -0400] [14245] [INFO] iris.ui Building bundle: bundles/iris.js
[2020-07-30 06:44:27 -0400] [14245] [INFO] iris.ui Building bundle: bundles/libs.css
[2020-07-30 06:44:27 -0400] [14245] [INFO] iris.ui Building bundle: bundles/iris.css
127.0.0.1 - - [30/Jul/2020:06:45:02 -0400] "GET /v0/target_roles HTTP/1.1" 200 176 "-" "python-requests/2.24.0"
127.0.0.1 - - [30/Jul/2020:06:45:02 -0400] "GET /v0/plans/?active=1&fields=id&fields=name HTTP/1.1" 200 194 "-" "python-requests/2.24.0"
127.0.0.1 - - [30/Jul/2020:06:45:03 -0400] "GET /v0/plans/demo-test-incident-post/?fields=threshold_window&fields=threshold_count&fields=aggregation_window&fields=creator&fields=aggregation_reset&fields=name&fields=tracking_type&fields=tracking_key&fields=tracking_template HTTP/1.1" 200 455 "-" "python-requests/2.24.0"
127.0.0.1 - - [30/Jul/2020:06:45:03 -0400] "GET /v0/plans/demo-test-foo/?fields=threshold_window&fields=threshold_count&fields=aggregation_window&fields=creator&fields=aggregation_reset&fields=name&fields=tracking_type&fields=tracking_key&fields=tracking_template HTTP/1.1" 200 936 "-" "python-requests/2.24.0"
127.0.0.1 - - [30/Jul/2020:06:45:03 -0400] "GET /v0/plans/Oncall%20test/?fields=threshold_window&fields=threshold_count&fields=aggregation_window&fields=creator&fields=aggregation_reset&fields=name&fields=tracking_type&fields=tracking_key&fields=tracking_template HTTP/1.1" 200 727 "-" "python-requests/2.24.0"
127.0.0.1 - - [30/Jul/2020:06:45:03 -0400] "GET /v0/plans/demo-test-bar/?fields=threshold_window&fields=threshold_count&fields=aggregation_window&fields=creator&fields=aggregation_reset&fields=name&fields=tracking_type&fields=tracking_key&fields=tracking_template HTTP/1.1" 200 460 "-" "python-requests/2.24.0"
127.0.0.1 - - [30/Jul/2020:06:45:03 -0400] "GET /v0/plans/demo-test-other-app-incident-post/?fields=threshold_window&fields=threshold_count&fields=aggregation_window&fields=creator&fields=aggregation_reset&fields=name&fields=tracking_type&fields=tracking_key&fields=tracking_template HTTP/1.1" 200 467 "-" "python-requests/2.24.0"
127.0.0.1 - - [30/Jul/2020:06:45:03 -0400] "GET /v0/templates/?active=1&fields=id&fields=name HTTP/1.1" 200 100 "-" "python-requests/2.24.0"
127.0.0.1 - - [30/Jul/2020:06:46:02 -0400] "GET /v0/plans/?active=1&fields=id&fields=name HTTP/1.1" 200 194 "-" "python-requests/2.24.0"
127.0.0.1 - - [30/Jul/2020:06:46:02 -0400] "GET /v0/templates/?active=1&fields=id&fields=name HTTP/1.1" 200 100 "-" "python-requests/2.24.0"
127.0.0.1 - - [30/Jul/2020:06:47:02 -0400] "GET /v0/plans/?active=1&fields=id&fields=name HTTP/1.1" 200 194 "-" "python-requests/2.24.0"
127.0.0.1 - - [30/Jul/2020:06:47:02 -0400] "GET /v0/templates/?active=1&fields=id&fields=name HTTP/1.1" 200 100 "-" "python-requests/2.24.0"
127.0.0.1 - - [30/Jul/2020:06:48:02 -0400] "GET /v0/plans/?active=1&fields=id&fields=name HTTP/1.1" 200 194 "-" "python-requests/2.24.0"
127.0.0.1 - - [30/Jul/2020:06:48:02 -0400] "GET /v0/templates/?active=1&fields=id&fields=name HTTP/1.1" 200 100 "-" "python-requests/2.24.0"
127.0.0.1 - - [30/Jul/2020:06:48:56 -0400] "GET /v0/target_roles HTTP/1.1" 200 176 "-" "python-requests/2.24.0"
127.0.0.1 - - [30/Jul/2020:06:48:56 -0400] "GET /v0/plans/?active=1&fields=id&fields=name HTTP/1.1" 200 194 "-" "python-requests/2.24.0"
127.0.0.1 - - [30/Jul/2020:06:48:57 -0400] "GET /v0/plans/demo-test-incident-post/?fields=threshold_window&fields=threshold_count&fields=aggregation_window&fields=creator&fields=aggregation_reset&fields=name&fields=tracking_type&fields=tracking_key&fields=tracking_template HTTP/1.1" 200 455 "-" "python-requests/2.24.0"
127.0.0.1 - - [30/Jul/2020:06:48:57 -0400] "GET /v0/plans/demo-test-other-app-incident-post/?fields=threshold_window&fields=threshold_count&fields=aggregation_window&fields=creator&fields=aggregation_reset&fields=name&fields=tracking_type&fields=tracking_key&fields=tracking_template HTTP/1.1" 200 467 "-" "python-requests/2.24.0"
127.0.0.1 - - [30/Jul/2020:06:48:57 -0400] "GET /v0/plans/demo-test-bar/?fields=threshold_window&fields=threshold_count&fields=aggregation_window&fields=creator&fields=aggregation_reset&fields=name&fields=tracking_type&fields=tracking_key&fields=tracking_template HTTP/1.1" 200 460 "-" "python-requests/2.24.0"
127.0.0.1 - - [30/Jul/2020:06:48:57 -0400] "GET /v0/plans/Oncall%20test/?fields=threshold_window&fields=threshold_count&fields=aggregation_window&fields=creator&fields=aggregation_reset&fields=name&fields=tracking_type&fields=tracking_key&fields=tracking_template HTTP/1.1" 200 727 "-" "python-requests/2.24.0"
127.0.0.1 - - [30/Jul/2020:06:48:57 -0400] "GET /v0/plans/demo-test-foo/?fields=threshold_window&fields=threshold_count&fields=aggregation_window&fields=creator&fields=aggregation_reset&fields=name&fields=tracking_type&fields=tracking_key&fields=tracking_template HTTP/1.1" 200 936 "-" "python-requests/2.24.0"
127.0.0.1 - - [30/Jul/2020:06:48:57 -0400] "GET /v0/templates/?active=1&fields=id&fields=name HTTP/1.1" 200 100 "-" "python-requests/2.24.0"
127.0.0.1 - - [30/Jul/2020:06:49:56 -0400] "GET /v0/plans/?active=1&fields=id&fields=name HTTP/1.1" 200 194 "-" "python-requests/2.24.0"
192.168.1.2 - - [30/Jul/2020:06:49:56 -0400] "GET /plans/ HTTP/1.1" 200 6086 "http://192.168.1.6:16649/incidents" "Mozilla/5.0 (Macintosh; Intel Mac OS X 10_15_5) AppleWebKit/537.36 (KHTML, like Gecko) Chrome/84.0.4147.89 Safari/537.36"
127.0.0.1 - - [30/Jul/2020:06:49:56 -0400] "GET /v0/templates/?active=1&fields=id&fields=name HTTP/1.1" 200 100 "-" "python-requests/2.24.0"
192.168.1.2 - - [30/Jul/2020:06:49:56 -0400] "GET /static/bundles/libs.css?126f96b3 HTTP/1.1" 200 0 "http://192.168.1.6:16649/plans/" "Mozilla/5.0 (Macintosh; Intel Mac OS X 10_15_5) AppleWebKit/537.36 (KHTML, like Gecko) Chrome/84.0.4147.89 Safari/537.36"
192.168.1.2 - - [30/Jul/2020:06:49:56 -0400] "GET /static/bundles/iris.css?49116668 HTTP/1.1" 200 0 "http://192.168.1.6:16649/plans/" "Mozilla/5.0 (Macintosh; Intel Mac OS X 10_15_5) AppleWebKit/537.36 (KHTML, like Gecko) Chrome/84.0.4147.89 Safari/537.36"
192.168.1.2 - - [30/Jul/2020:06:49:57 -0400] "GET /static/bundles/bootstrap.libs.js?b9542e11 HTTP/1.1" 200 0 "http://192.168.1.6:16649/plans/" "Mozilla/5.0 (Macintosh; Intel Mac OS X 10_15_5) AppleWebKit/537.36 (KHTML, like Gecko) Chrome/84.0.4147.89 Safari/537.36"
192.168.1.2 - - [30/Jul/2020:06:49:57 -0400] "GET /static/bundles/jquery.libs.js?5abce2e8 HTTP/1.1" 200 0 "http://192.168.1.6:16649/plans/" "Mozilla/5.0 (Macintosh; Intel Mac OS X 10_15_5) AppleWebKit/537.36 (KHTML, like Gecko) Chrome/84.0.4147.89 Safari/537.36"
192.168.1.2 - - [30/Jul/2020:06:49:57 -0400] "GET /static/bundles/iris.js?4678675e HTTP/1.1" 200 0 "http://192.168.1.6:16649/plans/" "Mozilla/5.0 (Macintosh; Intel Mac OS X 10_15_5) AppleWebKit/537.36 (KHTML, like Gecko) Chrome/84.0.4147.89 Safari/537.36"
192.168.1.2 - - [30/Jul/2020:06:49:57 -0400] "GET /static/images/iris.png HTTP/1.1" 200 0 "http://192.168.1.6:16649/plans/" "Mozilla/5.0 (Macintosh; Intel Mac OS X 10_15_5) AppleWebKit/537.36 (KHTML, like Gecko) Chrome/84.0.4147.89 Safari/537.36"
192.168.1.2 - - [30/Jul/2020:06:49:57 -0400] "GET /v0/plans?active=1&limit=500 HTTP/1.1" 200 1459 "http://192.168.1.6:16649/plans/" "Mozilla/5.0 (Macintosh; Intel Mac OS X 10_15_5) AppleWebKit/537.36 (KHTML, like Gecko) Chrome/84.0.4147.89 Safari/537.36"
192.168.1.2 - - [30/Jul/2020:06:49:58 -0400] "GET /static/images/chevron-down.png HTTP/1.1" 200 0 "http://192.168.1.6:16649/static/bundles/iris.css?49116668" "Mozilla/5.0 (Macintosh; Intel Mac OS X 10_15_5) AppleWebKit/537.36 (KHTML, like Gecko) Chrome/84.0.4147.89 Safari/537.36"
Aborting response due to origin not allowed
[2020-07-30 06:49:58 -0400] [14245] [INFO] falcon_cors Aborting response due to origin not allowed
192.168.1.2 - - [30/Jul/2020:06:49:58 -0400] "GET /static/fonts/glyphicons-halflings-regular.woff2 HTTP/1.1" 200 0 "http://192.168.1.6:16649/static/bundles/libs.css?126f96b3" "Mozilla/5.0 (Macintosh; Intel Mac OS X 10_15_5) AppleWebKit/537.36 (KHTML, like Gecko) Chrome/84.0.4147.89 Safari/537.36"
127.0.0.1 - - [30/Jul/2020:06:50:46 -0400] "GET /v0/target_roles HTTP/1.1" 200 176 "-" "python-requests/2.24.0"
127.0.0.1 - - [30/Jul/2020:06:50:46 -0400] "GET /v0/priorities HTTP/1.1" 200 157 "-" "python-requests/2.24.0"
127.0.0.1 - - [30/Jul/2020:06:50:46 -0400] "GET /v0/templates HTTP/1.1" 200 329 "-" "python-requests/2.24.0"
127.0.0.1 - - [30/Jul/2020:06:50:47 -0400] "GET /v0/applications HTTP/1.1" 200 3107 "-" "python-requests/2.24.0"
192.168.1.2 - - [30/Jul/2020:06:50:47 -0400] "GET /plans/41 HTTP/1.1" 200 28102 "http://192.168.1.6:16649/plans/" "Mozilla/5.0 (Macintosh; Intel Mac OS X 10_15_5) AppleWebKit/537.36 (KHTML, like Gecko) Chrome/84.0.4147.89 Safari/537.36"
192.168.1.2 - - [30/Jul/2020:06:50:47 -0400] "GET /static/bundles/iris.css?49116668 HTTP/1.1" 200 0 "http://192.168.1.6:16649/plans/41" "Mozilla/5.0 (Macintosh; Intel Mac OS X 10_15_5) AppleWebKit/537.36 (KHTML, like Gecko) Chrome/84.0.4147.89 Safari/537.36"
192.168.1.2 - - [30/Jul/2020:06:50:47 -0400] "GET /static/bundles/libs.css?126f96b3 HTTP/1.1" 200 0 "http://192.168.1.6:16649/plans/41" "Mozilla/5.0 (Macintosh; Intel Mac OS X 10_15_5) AppleWebKit/537.36 (KHTML, like Gecko) Chrome/84.0.4147.89 Safari/537.36"
192.168.1.2 - - [30/Jul/2020:06:50:47 -0400] "GET /static/bundles/iris.js?4678675e HTTP/1.1" 200 0 "http://192.168.1.6:16649/plans/41" "Mozilla/5.0 (Macintosh; Intel Mac OS X 10_15_5) AppleWebKit/537.36 (KHTML, like Gecko) Chrome/84.0.4147.89 Safari/537.36"
192.168.1.2 - - [30/Jul/2020:06:50:47 -0400] "GET /static/bundles/bootstrap.libs.js?b9542e11 HTTP/1.1" 200 0 "http://192.168.1.6:16649/plans/41" "Mozilla/5.0 (Macintosh; Intel Mac OS X 10_15_5) AppleWebKit/537.36 (KHTML, like Gecko) Chrome/84.0.4147.89 Safari/537.36"
192.168.1.2 - - [30/Jul/2020:06:50:47 -0400] "GET /static/bundles/jquery.libs.js?5abce2e8 HTTP/1.1" 200 0 "http://192.168.1.6:16649/plans/41" "Mozilla/5.0 (Macintosh; Intel Mac OS X 10_15_5) AppleWebKit/537.36 (KHTML, like Gecko) Chrome/84.0.4147.89 Safari/537.36"
192.168.1.2 - - [30/Jul/2020:06:50:47 -0400] "GET /static/images/iris.png HTTP/1.1" 200 0 "http://192.168.1.6:16649/plans/41" "Mozilla/5.0 (Macintosh; Intel Mac OS X 10_15_5) AppleWebKit/537.36 (KHTML, like Gecko) Chrome/84.0.4147.89 Safari/537.36"
192.168.1.2 - - [30/Jul/2020:06:50:47 -0400] "GET /v0/modes HTTP/1.1" 200 30 "http://192.168.1.6:16649/plans/41" "Mozilla/5.0 (Macintosh; Intel Mac OS X 10_15_5) AppleWebKit/537.36 (KHTML, like Gecko) Chrome/84.0.4147.89 Safari/537.36"
192.168.1.2 - - [30/Jul/2020:06:50:47 -0400] "GET /v0/plans/41 HTTP/1.1" 200 727 "http://192.168.1.6:16649/plans/41" "Mozilla/5.0 (Macintosh; Intel Mac OS X 10_15_5) AppleWebKit/537.36 (KHTML, like Gecko) Chrome/84.0.4147.89 Safari/537.36"
192.168.1.2 - - [30/Jul/2020:06:50:49 -0400] "GET /v0/plans/?name=Oncall%20test&fields=id&fields=created&fields=creator HTTP/1.1" 200 49 "http://192.168.1.6:16649/plans/41" "Mozilla/5.0 (Macintosh; Intel Mac OS X 10_15_5) AppleWebKit/537.36 (KHTML, like Gecko) Chrome/84.0.4147.89 Safari/537.36"
192.168.1.2 - - [30/Jul/2020:06:50:49 -0400] "GET /static/images/chevron-down.png HTTP/1.1" 200 0 "http://192.168.1.6:16649/static/bundles/iris.css?49116668" "Mozilla/5.0 (Macintosh; Intel Mac OS X 10_15_5) AppleWebKit/537.36 (KHTML, like Gecko) Chrome/84.0.4147.89 Safari/537.36"
192.168.1.2 - - [30/Jul/2020:06:50:49 -0400] "GET /static/images/sprite-green.png HTTP/1.1" 200 0 "http://192.168.1.6:16649/static/bundles/iris.css?49116668" "Mozilla/5.0 (Macintosh; Intel Mac OS X 10_15_5) AppleWebKit/537.36 (KHTML, like Gecko) Chrome/84.0.4147.89 Safari/537.36"
Aborting response due to origin not allowed
[2020-07-30 06:50:49 -0400] [14245] [INFO] falcon_cors Aborting response due to origin not allowed
192.168.1.2 - - [30/Jul/2020:06:50:49 -0400] "GET /static/fonts/glyphicons-halflings-regular.woff2 HTTP/1.1" 200 0 "http://192.168.1.6:16649/static/bundles/libs.css?126f96b3" "Mozilla/5.0 (Macintosh; Intel Mac OS X 10_15_5) AppleWebKit/537.36 (KHTML, like Gecko) Chrome/84.0.4147.89 Safari/537.36"
127.0.0.1 - - [30/Jul/2020:06:50:56 -0400] "GET /v0/plans/?active=1&fields=id&fields=name HTTP/1.1" 200 194 "-" "python-requests/2.24.0"
127.0.0.1 - - [30/Jul/2020:06:50:56 -0400] "GET /v0/templates/?active=1&fields=id&fields=name HTTP/1.1" 200 100 "-" "python-requests/2.24.0"
192.168.1.2 - - [30/Jul/2020:06:51:03 -0400] "GET /v0/targets/team?startswith=t&active=1 HTTP/1.1" 200 2 "http://192.168.1.6:16649/plans/41" "Mozilla/5.0 (Macintosh; Intel Mac OS X 10_15_5) AppleWebKit/537.36 (KHTML, like Gecko) Chrome/84.0.4147.89 Safari/537.36"
192.168.1.2 - - [30/Jul/2020:06:51:04 -0400] "GET /v0/targets/team?startswith=te&active=1 HTTP/1.1" 200 2 "http://192.168.1.6:16649/plans/41" "Mozilla/5.0 (Macintosh; Intel Mac OS X 10_15_5) AppleWebKit/537.36 (KHTML, like Gecko) Chrome/84.0.4147.89 Safari/537.36"
192.168.1.2 - - [30/Jul/2020:06:51:04 -0400] "GET /v0/targets/team?startswith=tes&active=1 HTTP/1.1" 200 2 "http://192.168.1.6:16649/plans/41" "Mozilla/5.0 (Macintosh; Intel Mac OS X 10_15_5) AppleWebKit/537.36 (KHTML, like Gecko) Chrome/84.0.4147.89 Safari/537.36"
192.168.1.2 - - [30/Jul/2020:06:51:05 -0400] "GET /v0/targets/team?startswith=test&active=1 HTTP/1.1" 200 2 "http://192.168.1.6:16649/plans/41" "Mozilla/5.0 (Macintosh; Intel Mac OS X 10_15_5) AppleWebKit/537.36 (KHTML, like Gecko) Chrome/84.0.4147.89 Safari/537.36"
192.168.1.2 - - [30/Jul/2020:06:51:05 -0400] "GET /v0/targets/team?startswith=test%20&active=1 HTTP/1.1" 200 2 "http://192.168.1.6:16649/plans/41" "Mozilla/5.0 (Macintosh; Intel Mac OS X 10_15_5) AppleWebKit/537.36 (KHTML, like Gecko) Chrome/84.0.4147.89 Safari/537.36"
192.168.1.2 - - [30/Jul/2020:06:51:06 -0400] "GET /v0/targets/team?startswith=test%20tea&active=1 HTTP/1.1" 200 2 "http://192.168.1.6:16649/plans/41" "Mozilla/5.0 (Macintosh; Intel Mac OS X 10_15_5) AppleWebKit/537.36 (KHTML, like Gecko) Chrome/84.0.4147.89 Safari/537.36"
192.168.1.2 - - [30/Jul/2020:06:51:07 -0400] "GET /v0/targets/team?startswith=test%20team&active=1 HTTP/1.1" 200 2 "http://192.168.1.6:16649/plans/41" "Mozilla/5.0 (Macintosh; Intel Mac OS X 10_15_5) AppleWebKit/537.36 (KHTML, like Gecko) Chrome/84.0.4147.89 Safari/537.36"
Aborting response due to origin not allowed
[2020-07-30 06:51:21 -0400] [14245] [INFO] falcon_cors Aborting response due to origin not allowed
192.168.1.2 - - [30/Jul/2020:06:51:21 -0400] "POST /v0/incidents HTTP/1.1" 400 93 "http://192.168.1.6:16649/plans/41" "Mozilla/5.0 (Macintosh; Intel Mac OS X 10_15_5) AppleWebKit/537.36 (KHTML, like Gecko) Chrome/84.0.4147.89 Safari/537.36"
Aborting response due to origin not allowed
[2020-07-30 06:51:30 -0400] [14245] [INFO] falcon_cors Aborting response due to origin not allowed
192.168.1.2 - - [30/Jul/2020:06:51:30 -0400] "POST /v0/incidents HTTP/1.1" 400 93 "http://192.168.1.6:16649/plans/41" "Mozilla/5.0 (Macintosh; Intel Mac OS X 10_15_5) AppleWebKit/537.36 (KHTML, like Gecko) Chrome/84.0.4147.89 Safari/537.36"
Aborting response due to origin not allowed
[2020-07-30 06:51:39 -0400] [14245] [INFO] falcon_cors Aborting response due to origin not allowed
192.168.1.2 - - [30/Jul/2020:06:51:39 -0400] "POST /v0/incidents HTTP/1.1" 400 93 "http://192.168.1.6:16649/plans/41" "Mozilla/5.0 (Macintosh; Intel Mac OS X 10_15_5) AppleWebKit/537.36 (KHTML, like Gecko) Chrome/84.0.4147.89 Safari/537.36"
127.0.0.1 - - [30/Jul/2020:06:51:56 -0400] "GET /v0/plans/?active=1&fields=id&fields=name HTTP/1.1" 200 194 "-" "python-requests/2.24.0"
127.0.0.1 - - [30/Jul/2020:06:51:56 -0400] "GET /v0/templates/?active=1&fields=id&fields=name HTTP/1.1" 200 100 "-" "python-requests/2.24.0"
127.0.0.1 - - [30/Jul/2020:06:52:56 -0400] "GET /v0/plans/?active=1&fields=id&fields=name HTTP/1.1" 200 194 "-" "python-requests/2.24.0"
127.0.0.1 - - [30/Jul/2020:06:52:56 -0400] "GET /v0/templates/?active=1&fields=id&fields=name HTTP/1.1" 200 100 "-" "python-requests/2.24.0"
127.0.0.1 - - [30/Jul/2020:06:53:56 -0400] "GET /v0/plans/?active=1&fields=id&fields=name HTTP/1.1" 200 194 "-" "python-requests/2.24.0"
127.0.0.1 - - [30/Jul/2020:06:53:56 -0400] "GET /v0/templates/?active=1&fields=id&fields=name HTTP/1.1" 200 100 "-" "python-requests/2.24.0"
192.168.1.2 - - [30/Jul/2020:06:54:51 -0400] "GET /templates/ HTTP/1.1" 200 6181 "http://192.168.1.6:16649/plans/41" "Mozilla/5.0 (Macintosh; Intel Mac OS X 10_15_5) AppleWebKit/537.36 (KHTML, like Gecko) Chrome/84.0.4147.89 Safari/537.36"
192.168.1.2 - - [30/Jul/2020:06:54:52 -0400] "GET /static/bundles/libs.css?126f96b3 HTTP/1.1" 200 0 "http://192.168.1.6:16649/templates/" "Mozilla/5.0 (Macintosh; Intel Mac OS X 10_15_5) AppleWebKit/537.36 (KHTML, like Gecko) Chrome/84.0.4147.89 Safari/537.36"
192.168.1.2 - - [30/Jul/2020:06:54:52 -0400] "GET /static/bundles/iris.css?49116668 HTTP/1.1" 200 0 "http://192.168.1.6:16649/templates/" "Mozilla/5.0 (Macintosh; Intel Mac OS X 10_15_5) AppleWebKit/537.36 (KHTML, like Gecko) Chrome/84.0.4147.89 Safari/537.36"
192.168.1.2 - - [30/Jul/2020:06:54:52 -0400] "GET /static/bundles/jquery.libs.js?5abce2e8 HTTP/1.1" 200 0 "http://192.168.1.6:16649/templates/" "Mozilla/5.0 (Macintosh; Intel Mac OS X 10_15_5) AppleWebKit/537.36 (KHTML, like Gecko) Chrome/84.0.4147.89 Safari/537.36"
192.168.1.2 - - [30/Jul/2020:06:54:52 -0400] "GET /static/bundles/bootstrap.libs.js?b9542e11 HTTP/1.1" 200 0 "http://192.168.1.6:16649/templates/" "Mozilla/5.0 (Macintosh; Intel Mac OS X 10_15_5) AppleWebKit/537.36 (KHTML, like Gecko) Chrome/84.0.4147.89 Safari/537.36"
192.168.1.2 - - [30/Jul/2020:06:54:52 -0400] "GET /static/bundles/iris.js?4678675e HTTP/1.1" 200 0 "http://192.168.1.6:16649/templates/" "Mozilla/5.0 (Macintosh; Intel Mac OS X 10_15_5) AppleWebKit/537.36 (KHTML, like Gecko) Chrome/84.0.4147.89 Safari/537.36"
192.168.1.2 - - [30/Jul/2020:06:54:52 -0400] "GET /static/images/iris.png HTTP/1.1" 200 0 "http://192.168.1.6:16649/templates/" "Mozilla/5.0 (Macintosh; Intel Mac OS X 10_15_5) AppleWebKit/537.36 (KHTML, like Gecko) Chrome/84.0.4147.89 Safari/537.36"
192.168.1.2 - - [30/Jul/2020:06:54:53 -0400] "GET /v0/templates?active=1 HTTP/1.1" 200 247 "http://192.168.1.6:16649/templates/" "Mozilla/5.0 (Macintosh; Intel Mac OS X 10_15_5) AppleWebKit/537.36 (KHTML, like Gecko) Chrome/84.0.4147.89 Safari/537.36"
192.168.1.2 - - [30/Jul/2020:06:54:53 -0400] "GET /static/images/chevron-down.png HTTP/1.1" 200 0 "http://192.168.1.6:16649/static/bundles/iris.css?49116668" "Mozilla/5.0 (Macintosh; Intel Mac OS X 10_15_5) AppleWebKit/537.36 (KHTML, like Gecko) Chrome/84.0.4147.89 Safari/537.36"
Aborting response due to origin not allowed
[2020-07-30 06:54:53 -0400] [14245] [INFO] falcon_cors Aborting response due to origin not allowed
192.168.1.2 - - [30/Jul/2020:06:54:53 -0400] "GET /static/fonts/glyphicons-halflings-regular.woff2 HTTP/1.1" 200 0 "http://192.168.1.6:16649/static/bundles/libs.css?126f96b3" "Mozilla/5.0 (Macintosh; Intel Mac OS X 10_15_5) AppleWebKit/537.36 (KHTML, like Gecko) Chrome/84.0.4147.89 Safari/537.36"
127.0.0.1 - - [30/Jul/2020:06:54:55 -0400] "GET /v0/applications HTTP/1.1" 200 3107 "-" "python-requests/2.24.0"
192.168.1.2 - - [30/Jul/2020:06:54:55 -0400] "GET /incidents/ HTTP/1.1" 200 15144 "http://192.168.1.6:16649/templates/" "Mozilla/5.0 (Macintosh; Intel Mac OS X 10_15_5) AppleWebKit/537.36 (KHTML, like Gecko) Chrome/84.0.4147.89 Safari/537.36"
192.168.1.2 - - [30/Jul/2020:06:54:55 -0400] "GET /static/bundles/libs.css?126f96b3 HTTP/1.1" 200 0 "http://192.168.1.6:16649/incidents/" "Mozilla/5.0 (Macintosh; Intel Mac OS X 10_15_5) AppleWebKit/537.36 (KHTML, like Gecko) Chrome/84.0.4147.89 Safari/537.36"
192.168.1.2 - - [30/Jul/2020:06:54:55 -0400] "GET /static/bundles/iris.css?49116668 HTTP/1.1" 200 0 "http://192.168.1.6:16649/incidents/" "Mozilla/5.0 (Macintosh; Intel Mac OS X 10_15_5) AppleWebKit/537.36 (KHTML, like Gecko) Chrome/84.0.4147.89 Safari/537.36"
127.0.0.1 - - [30/Jul/2020:06:54:56 -0400] "GET /v0/plans/?active=1&fields=id&fields=name HTTP/1.1" 200 194 "-" "python-requests/2.24.0"
127.0.0.1 - - [30/Jul/2020:06:54:56 -0400] "GET /v0/templates/?active=1&fields=id&fields=name HTTP/1.1" 200 100 "-" "python-requests/2.24.0"
192.168.1.2 - - [30/Jul/2020:06:54:56 -0400] "GET /static/bundles/jquery.libs.js?5abce2e8 HTTP/1.1" 200 0 "http://192.168.1.6:16649/incidents/" "Mozilla/5.0 (Macintosh; Intel Mac OS X 10_15_5) AppleWebKit/537.36 (KHTML, like Gecko) Chrome/84.0.4147.89 Safari/537.36"
192.168.1.2 - - [30/Jul/2020:06:54:56 -0400] "GET /static/bundles/bootstrap.libs.js?b9542e11 HTTP/1.1" 200 0 "http://192.168.1.6:16649/incidents/" "Mozilla/5.0 (Macintosh; Intel Mac OS X 10_15_5) AppleWebKit/537.36 (KHTML, like Gecko) Chrome/84.0.4147.89 Safari/537.36"
192.168.1.2 - - [30/Jul/2020:06:54:56 -0400] "GET /static/bundles/iris.js?4678675e HTTP/1.1" 200 0 "http://192.168.1.6:16649/incidents/" "Mozilla/5.0 (Macintosh; Intel Mac OS X 10_15_5) AppleWebKit/537.36 (KHTML, like Gecko) Chrome/84.0.4147.89 Safari/537.36"
192.168.1.2 - - [30/Jul/2020:06:54:56 -0400] "GET /static/images/iris.png HTTP/1.1" 200 0 "http://192.168.1.6:16649/incidents/" "Mozilla/5.0 (Macintosh; Intel Mac OS X 10_15_5) AppleWebKit/537.36 (KHTML, like Gecko) Chrome/84.0.4147.89 Safari/537.36"
192.168.1.2 - - [30/Jul/2020:06:54:56 -0400] "GET /static/images/chevron-down.png HTTP/1.1" 200 0 "http://192.168.1.6:16649/static/bundles/iris.css?49116668" "Mozilla/5.0 (Macintosh; Intel Mac OS X 10_15_5) AppleWebKit/537.36 (KHTML, like Gecko) Chrome/84.0.4147.89 Safari/537.36"
192.168.1.2 - - [30/Jul/2020:06:54:56 -0400] "GET /v0/incidents/?target=demo&created__ge=1596024600&active=1&fields=id&fields=owner&fields=application&fields=plan&fields=plan_id&fields=created&fields=updated&fields=active&fields=current_step&limit=500 HTTP/1.1" 200 2 "http://192.168.1.6:16649/incidents/" "Mozilla/5.0 (Macintosh; Intel Mac OS X 10_15_5) AppleWebKit/537.36 (KHTML, like Gecko) Chrome/84.0.4147.89 Safari/537.36"
192.168.1.2 - - [30/Jul/2020:06:54:56 -0400] "GET /static/images/sprite-green.png HTTP/1.1" 200 0 "http://192.168.1.6:16649/static/bundles/iris.css?49116668" "Mozilla/5.0 (Macintosh; Intel Mac OS X 10_15_5) AppleWebKit/537.36 (KHTML, like Gecko) Chrome/84.0.4147.89 Safari/537.36"
Aborting response due to origin not allowed
[2020-07-30 06:54:57 -0400] [14245] [INFO] falcon_cors Aborting response due to origin not allowed
192.168.1.2 - - [30/Jul/2020:06:54:57 -0400] "GET /static/fonts/glyphicons-halflings-regular.woff2 HTTP/1.1" 200 0 "http://192.168.1.6:16649/static/bundles/libs.css?126f96b3" "Mozilla/5.0 (Macintosh; Intel Mac OS X 10_15_5) AppleWebKit/537.36 (KHTML, like Gecko) Chrome/84.0.4147.89 Safari/537.36"
192.168.1.2 - - [30/Jul/2020:06:54:57 -0400] "GET /v0/targets/user?startswith=demo&active=1 HTTP/1.1" 200 8 "http://192.168.1.6:16649/incidents/" "Mozilla/5.0 (Macintosh; Intel Mac OS X 10_15_5) AppleWebKit/537.36 (KHTML, like Gecko) Chrome/84.0.4147.89 Safari/537.36"
127.0.0.1 - - [30/Jul/2020:06:55:56 -0400] "GET /v0/plans/?active=1&fields=id&fields=name HTTP/1.1" 200 194 "-" "python-requests/2.24.0"
127.0.0.1 - - [30/Jul/2020:06:55:56 -0400] "GET /v0/templates/?active=1&fields=id&fields=name HTTP/1.1" 200 100 "-" "python-requests/2.24.0"
127.0.0.1 - - [30/Jul/2020:06:56:56 -0400] "GET /v0/plans/?active=1&fields=id&fields=name HTTP/1.1" 200 194 "-" "python-requests/2.24.0"
127.0.0.1 - - [30/Jul/2020:06:56:56 -0400] "GET /v0/templates/?active=1&fields=id&fields=name HTTP/1.1" 200 100 "-" "python-requests/2.24.0"
127.0.0.1 - - [30/Jul/2020:06:57:56 -0400] "GET /v0/plans/?active=1&fields=id&fields=name HTTP/1.1" 200 194 "-" "python-requests/2.24.0"
127.0.0.1 - - [30/Jul/2020:06:57:56 -0400] "GET /v0/templates/?active=1&fields=id&fields=name HTTP/1.1" 200 100 "-" "python-requests/2.24.0"
127.0.0.1 - - [30/Jul/2020:06:58:56 -0400] "GET /v0/plans/?active=1&fields=id&fields=name HTTP/1.1" 200 194 "-" "python-requests/2.24.0"
127.0.0.1 - - [30/Jul/2020:06:58:56 -0400] "GET /v0/templates/?active=1&fields=id&fields=name HTTP/1.1" 200 100 "-" "python-requests/2.24.0"
127.0.0.1 - - [30/Jul/2020:06:59:56 -0400] "GET /v0/plans/?active=1&fields=id&fields=name HTTP/1.1" 200 194 "-" "python-requests/2.24.0"
127.0.0.1 - - [30/Jul/2020:06:59:56 -0400] "GET /v0/templates/?active=1&fields=id&fields=name HTTP/1.1" 200 100 "-" "python-requests/2.24.0"
127.0.0.1 - - [30/Jul/2020:07:00:56 -0400] "GET /v0/plans/?active=1&fields=id&fields=name HTTP/1.1" 200 194 "-" "python-requests/2.24.0"
127.0.0.1 - - [30/Jul/2020:07:00:56 -0400] "GET /v0/templates/?active=1&fields=id&fields=name HTTP/1.1" 200 100 "-" "python-requests/2.24.0"
127.0.0.1 - - [30/Jul/2020:07:01:56 -0400] "GET /v0/plans/?active=1&fields=id&fields=name HTTP/1.1" 200 194 "-" "python-requests/2.24.0"
127.0.0.1 - - [30/Jul/2020:07:01:56 -0400] "GET /v0/templates/?active=1&fields=id&fields=name HTTP/1.1" 200 100 "-" "python-requests/2.24.0"
127.0.0.1 - - [30/Jul/2020:07:02:56 -0400] "GET /v0/plans/?active=1&fields=id&fields=name HTTP/1.1" 200 194 "-" "python-requests/2.24.0"
127.0.0.1 - - [30/Jul/2020:07:02:56 -0400] "GET /v0/templates/?active=1&fields=id&fields=name HTTP/1.1" 200 100 "-" "python-requests/2.24.0"
127.0.0.1 - - [30/Jul/2020:07:03:56 -0400] "GET /v0/plans/?active=1&fields=id&fields=name HTTP/1.1" 200 194 "-" "python-requests/2.24.0"
127.0.0.1 - - [30/Jul/2020:07:03:56 -0400] "GET /v0/templates/?active=1&fields=id&fields=name HTTP/1.1" 200 100 "-" "python-requests/2.24.0"
127.0.0.1 - - [30/Jul/2020:07:04:56 -0400] "GET /v0/plans/?active=1&fields=id&fields=name HTTP/1.1" 200 194 "-" "python-requests/2.24.0"
127.0.0.1 - - [30/Jul/2020:07:04:56 -0400] "GET /v0/templates/?active=1&fields=id&fields=name HTTP/1.1" 200 100 "-" "python-requests/2.24.0"
127.0.0.1 - - [30/Jul/2020:07:05:56 -0400] "GET /v0/plans/?active=1&fields=id&fields=name HTTP/1.1" 200 194 "-" "python-requests/2.24.0"
127.0.0.1 - - [30/Jul/2020:07:05:56 -0400] "GET /v0/templates/?active=1&fields=id&fields=name HTTP/1.1" 200 100 "-" "python-requests/2.24.0"
127.0.0.1 - - [30/Jul/2020:07:06:56 -0400] "GET /v0/plans/?active=1&fields=id&fields=name HTTP/1.1" 200 194 "-" "python-requests/2.24.0"
127.0.0.1 - - [30/Jul/2020:07:06:56 -0400] "GET /v0/templates/?active=1&fields=id&fields=name HTTP/1.1" 200 100 "-" "python-requests/2.24.0"
127.0.0.1 - - [30/Jul/2020:07:07:56 -0400] "GET /v0/plans/?active=1&fields=id&fields=name HTTP/1.1" 200 194 "-" "python-requests/2.24.0"
127.0.0.1 - - [30/Jul/2020:07:07:56 -0400] "GET /v0/templates/?active=1&fields=id&fields=name HTTP/1.1" 200 100 "-" "python-requests/2.24.0"
127.0.0.1 - - [30/Jul/2020:07:08:56 -0400] "GET /v0/plans/?active=1&fields=id&fields=name HTTP/1.1" 200 194 "-" "python-requests/2.24.0"
127.0.0.1 - - [30/Jul/2020:07:08:56 -0400] "GET /v0/templates/?active=1&fields=id&fields=name HTTP/1.1" 200 100 "-" "python-requests/2.24.0"
127.0.0.1 - - [30/Jul/2020:07:09:56 -0400] "GET /v0/plans/?active=1&fields=id&fields=name HTTP/1.1" 200 194 "-" "python-requests/2.24.0"
127.0.0.1 - - [30/Jul/2020:07:09:56 -0400] "GET /v0/templates/?active=1&fields=id&fields=name HTTP/1.1" 200 100 "-" "python-requests/2.24.0"
127.0.0.1 - - [30/Jul/2020:07:10:56 -0400] "GET /v0/plans/?active=1&fields=id&fields=name HTTP/1.1" 200 194 "-" "python-requests/2.24.0"
127.0.0.1 - - [30/Jul/2020:07:10:56 -0400] "GET /v0/templates/?active=1&fields=id&fields=name HTTP/1.1" 200 100 "-" "python-requests/2.24.0"
127.0.0.1 - - [30/Jul/2020:07:11:56 -0400] "GET /v0/plans/?active=1&fields=id&fields=name HTTP/1.1" 200 194 "-" "python-requests/2.24.0"
127.0.0.1 - - [30/Jul/2020:07:11:56 -0400] "GET /v0/templates/?active=1&fields=id&fields=name HTTP/1.1" 200 100 "-" "python-requests/2.24.0"
127.0.0.1 - - [30/Jul/2020:07:12:56 -0400] "GET /v0/plans/?active=1&fields=id&fields=name HTTP/1.1" 200 194 "-" "python-requests/2.24.0"
127.0.0.1 - - [30/Jul/2020:07:12:56 -0400] "GET /v0/templates/?active=1&fields=id&fields=name HTTP/1.1" 200 100 "-" "python-requests/2.24.0"
127.0.0.1 - - [30/Jul/2020:07:13:56 -0400] "GET /v0/plans/?active=1&fields=id&fields=name HTTP/1.1" 200 194 "-" "python-requests/2.24.0"
127.0.0.1 - - [30/Jul/2020:07:13:56 -0400] "GET /v0/templates/?active=1&fields=id&fields=name HTTP/1.1" 200 100 "-" "python-requests/2.24.0"
127.0.0.1 - - [30/Jul/2020:07:14:56 -0400] "GET /v0/plans/?active=1&fields=id&fields=name HTTP/1.1" 200 194 "-" "python-requests/2.24.0"
127.0.0.1 - - [30/Jul/2020:07:14:56 -0400] "GET /v0/templates/?active=1&fields=id&fields=name HTTP/1.1" 200 100 "-" "python-requests/2.24.0"
127.0.0.1 - - [30/Jul/2020:07:15:56 -0400] "GET /v0/plans/?active=1&fields=id&fields=name HTTP/1.1" 200 194 "-" "python-requests/2.24.0"
127.0.0.1 - - [30/Jul/2020:07:15:56 -0400] "GET /v0/templates/?active=1&fields=id&fields=name HTTP/1.1" 200 100 "-" "python-requests/2.24.0"
127.0.0.1 - - [30/Jul/2020:07:16:56 -0400] "GET /v0/plans/?active=1&fields=id&fields=name HTTP/1.1" 200 194 "-" "python-requests/2.24.0"
127.0.0.1 - - [30/Jul/2020:07:16:56 -0400] "GET /v0/templates/?active=1&fields=id&fields=name HTTP/1.1" 200 100 "-" "python-requests/2.24.0"
127.0.0.1 - - [30/Jul/2020:07:17:56 -0400] "GET /v0/plans/?active=1&fields=id&fields=name HTTP/1.1" 200 194 "-" "python-requests/2.24.0"
127.0.0.1 - - [30/Jul/2020:07:17:56 -0400] "GET /v0/templates/?active=1&fields=id&fields=name HTTP/1.1" 200 100 "-" "python-requests/2.24.0"
127.0.0.1 - - [30/Jul/2020:07:18:56 -0400] "GET /v0/plans/?active=1&fields=id&fields=name HTTP/1.1" 200 194 "-" "python-requests/2.24.0"
127.0.0.1 - - [30/Jul/2020:07:18:56 -0400] "GET /v0/templates/?active=1&fields=id&fields=name HTTP/1.1" 200 100 "-" "python-requests/2.24.0"
127.0.0.1 - - [30/Jul/2020:07:19:56 -0400] "GET /v0/plans/?active=1&fields=id&fields=name HTTP/1.1" 200 194 "-" "python-requests/2.24.0"
127.0.0.1 - - [30/Jul/2020:07:19:56 -0400] "GET /v0/templates/?active=1&fields=id&fields=name HTTP/1.1" 200 100 "-" "python-requests/2.24.0"
127.0.0.1 - - [30/Jul/2020:07:20:56 -0400] "GET /v0/plans/?active=1&fields=id&fields=name HTTP/1.1" 200 194 "-" "python-requests/2.24.0"
127.0.0.1 - - [30/Jul/2020:07:20:56 -0400] "GET /v0/templates/?active=1&fields=id&fields=name HTTP/1.1" 200 100 "-" "python-requests/2.24.0"
127.0.0.1 - - [30/Jul/2020:07:21:56 -0400] "GET /v0/plans/?active=1&fields=id&fields=name HTTP/1.1" 200 194 "-" "python-requests/2.24.0"
127.0.0.1 - - [30/Jul/2020:07:21:56 -0400] "GET /v0/templates/?active=1&fields=id&fields=name HTTP/1.1" 200 100 "-" "python-requests/2.24.0"
127.0.0.1 - - [30/Jul/2020:07:22:56 -0400] "GET /v0/plans/?active=1&fields=id&fields=name HTTP/1.1" 200 194 "-" "python-requests/2.24.0"
127.0.0.1 - - [30/Jul/2020:07:22:56 -0400] "GET /v0/templates/?active=1&fields=id&fields=name HTTP/1.1" 200 100 "-" "python-requests/2.24.0"
127.0.0.1 - - [30/Jul/2020:07:23:56 -0400] "GET /v0/plans/?active=1&fields=id&fields=name HTTP/1.1" 200 194 "-" "python-requests/2.24.0"
127.0.0.1 - - [30/Jul/2020:07:23:56 -0400] "GET /v0/templates/?active=1&fields=id&fields=name HTTP/1.1" 200 100 "-" "python-requests/2.24.0"
127.0.0.1 - - [30/Jul/2020:07:24:56 -0400] "GET /v0/plans/?active=1&fields=id&fields=name HTTP/1.1" 200 194 "-" "python-requests/2.24.0"
127.0.0.1 - - [30/Jul/2020:07:24:56 -0400] "GET /v0/templates/?active=1&fields=id&fields=name HTTP/1.1" 200 100 "-" "python-requests/2.24.0"
127.0.0.1 - - [30/Jul/2020:07:25:56 -0400] "GET /v0/plans/?active=1&fields=id&fields=name HTTP/1.1" 200 194 "-" "python-requests/2.24.0"
127.0.0.1 - - [30/Jul/2020:07:25:56 -0400] "GET /v0/templates/?active=1&fields=id&fields=name HTTP/1.1" 200 100 "-" "python-requests/2.24.0"
127.0.0.1 - - [30/Jul/2020:07:26:56 -0400] "GET /v0/plans/?active=1&fields=id&fields=name HTTP/1.1" 200 194 "-" "python-requests/2.24.0"
127.0.0.1 - - [30/Jul/2020:07:26:56 -0400] "GET /v0/templates/?active=1&fields=id&fields=name HTTP/1.1" 200 100 "-" "python-requests/2.24.0"
127.0.0.1 - - [30/Jul/2020:07:27:56 -0400] "GET /v0/plans/?active=1&fields=id&fields=name HTTP/1.1" 200 194 "-" "python-requests/2.24.0"
127.0.0.1 - - [30/Jul/2020:07:27:56 -0400] "GET /v0/templates/?active=1&fields=id&fields=name HTTP/1.1" 200 100 "-" "python-requests/2.24.0"
127.0.0.1 - - [30/Jul/2020:07:28:56 -0400] "GET /v0/plans/?active=1&fields=id&fields=name HTTP/1.1" 200 194 "-" "python-requests/2.24.0"
127.0.0.1 - - [30/Jul/2020:07:28:56 -0400] "GET /v0/templates/?active=1&fields=id&fields=name HTTP/1.1" 200 100 "-" "python-requests/2.24.0"
127.0.0.1 - - [30/Jul/2020:07:29:56 -0400] "GET /v0/plans/?active=1&fields=id&fields=name HTTP/1.1" 200 194 "-" "python-requests/2.24.0"
127.0.0.1 - - [30/Jul/2020:07:29:56 -0400] "GET /v0/templates/?active=1&fields=id&fields=name HTTP/1.1" 200 100 "-" "python-requests/2.24.0"
127.0.0.1 - - [30/Jul/2020:07:30:56 -0400] "GET /v0/plans/?active=1&fields=id&fields=name HTTP/1.1" 200 194 "-" "python-requests/2.24.0"
127.0.0.1 - - [30/Jul/2020:07:30:56 -0400] "GET /v0/templates/?active=1&fields=id&fields=name HTTP/1.1" 200 100 "-" "python-requests/2.24.0"
127.0.0.1 - - [30/Jul/2020:07:31:56 -0400] "GET /v0/plans/?active=1&fields=id&fields=name HTTP/1.1" 200 194 "-" "python-requests/2.24.0"
127.0.0.1 - - [30/Jul/2020:07:31:56 -0400] "GET /v0/templates/?active=1&fields=id&fields=name HTTP/1.1" 200 100 "-" "python-requests/2.24.0"
127.0.0.1 - - [30/Jul/2020:07:32:56 -0400] "GET /v0/plans/?active=1&fields=id&fields=name HTTP/1.1" 200 194 "-" "python-requests/2.24.0"
127.0.0.1 - - [30/Jul/2020:07:32:56 -0400] "GET /v0/templates/?active=1&fields=id&fields=name HTTP/1.1" 200 100 "-" "python-requests/2.24.0"
127.0.0.1 - - [30/Jul/2020:07:33:56 -0400] "GET /v0/plans/?active=1&fields=id&fields=name HTTP/1.1" 200 194 "-" "python-requests/2.24.0"
127.0.0.1 - - [30/Jul/2020:07:33:56 -0400] "GET /v0/templates/?active=1&fields=id&fields=name HTTP/1.1" 200 100 "-" "python-requests/2.24.0"
127.0.0.1 - - [30/Jul/2020:07:34:56 -0400] "GET /v0/plans/?active=1&fields=id&fields=name HTTP/1.1" 200 194 "-" "python-requests/2.24.0"
127.0.0.1 - - [30/Jul/2020:07:34:56 -0400] "GET /v0/templates/?active=1&fields=id&fields=name HTTP/1.1" 200 100 "-" "python-requests/2.24.0"
127.0.0.1 - - [30/Jul/2020:07:35:56 -0400] "GET /v0/plans/?active=1&fields=id&fields=name HTTP/1.1" 200 194 "-" "python-requests/2.24.0"
127.0.0.1 - - [30/Jul/2020:07:35:56 -0400] "GET /v0/templates/?active=1&fields=id&fields=name HTTP/1.1" 200 100 "-" "python-requests/2.24.0"
127.0.0.1 - - [30/Jul/2020:07:36:56 -0400] "GET /v0/plans/?active=1&fields=id&fields=name HTTP/1.1" 200 194 "-" "python-requests/2.24.0"
127.0.0.1 - - [30/Jul/2020:07:36:56 -0400] "GET /v0/templates/?active=1&fields=id&fields=name HTTP/1.1" 200 100 "-" "python-requests/2.24.0"
127.0.0.1 - - [30/Jul/2020:07:37:56 -0400] "GET /v0/plans/?active=1&fields=id&fields=name HTTP/1.1" 200 194 "-" "python-requests/2.24.0"
127.0.0.1 - - [30/Jul/2020:07:37:56 -0400] "GET /v0/templates/?active=1&fields=id&fields=name HTTP/1.1" 200 100 "-" "python-requests/2.24.0"
127.0.0.1 - - [30/Jul/2020:07:38:56 -0400] "GET /v0/plans/?active=1&fields=id&fields=name HTTP/1.1" 200 194 "-" "python-requests/2.24.0"
127.0.0.1 - - [30/Jul/2020:07:38:56 -0400] "GET /v0/templates/?active=1&fields=id&fields=name HTTP/1.1" 200 100 "-" "python-requests/2.24.0"
127.0.0.1 - - [30/Jul/2020:07:39:56 -0400] "GET /v0/plans/?active=1&fields=id&fields=name HTTP/1.1" 200 194 "-" "python-requests/2.24.0"
127.0.0.1 - - [30/Jul/2020:07:39:56 -0400] "GET /v0/templates/?active=1&fields=id&fields=name HTTP/1.1" 200 100 "-" "python-requests/2.24.0"
127.0.0.1 - - [30/Jul/2020:07:40:56 -0400] "GET /v0/plans/?active=1&fields=id&fields=name HTTP/1.1" 200 194 "-" "python-requests/2.24.0"
127.0.0.1 - - [30/Jul/2020:07:40:56 -0400] "GET /v0/templates/?active=1&fields=id&fields=name HTTP/1.1" 200 100 "-" "python-requests/2.24.0"
127.0.0.1 - - [30/Jul/2020:07:41:56 -0400] "GET /v0/plans/?active=1&fields=id&fields=name HTTP/1.1" 200 194 "-" "python-requests/2.24.0"
127.0.0.1 - - [30/Jul/2020:07:41:56 -0400] "GET /v0/templates/?active=1&fields=id&fields=name HTTP/1.1" 200 100 "-" "python-requests/2.24.0"
127.0.0.1 - - [30/Jul/2020:07:42:56 -0400] "GET /v0/plans/?active=1&fields=id&fields=name HTTP/1.1" 200 194 "-" "python-requests/2.24.0"
127.0.0.1 - - [30/Jul/2020:07:42:56 -0400] "GET /v0/templates/?active=1&fields=id&fields=name HTTP/1.1" 200 100 "-" "python-requests/2.24.0"
127.0.0.1 - - [30/Jul/2020:07:43:56 -0400] "GET /v0/plans/?active=1&fields=id&fields=name HTTP/1.1" 200 194 "-" "python-requests/2.24.0"
127.0.0.1 - - [30/Jul/2020:07:43:56 -0400] "GET /v0/templates/?active=1&fields=id&fields=name HTTP/1.1" 200 100 "-" "python-requests/2.24.0"
127.0.0.1 - - [30/Jul/2020:07:44:56 -0400] "GET /v0/plans/?active=1&fields=id&fields=name HTTP/1.1" 200 194 "-" "python-requests/2.24.0"
127.0.0.1 - - [30/Jul/2020:07:44:56 -0400] "GET /v0/templates/?active=1&fields=id&fields=name HTTP/1.1" 200 100 "-" "python-requests/2.24.0"
127.0.0.1 - - [30/Jul/2020:07:45:56 -0400] "GET /v0/plans/?active=1&fields=id&fields=name HTTP/1.1" 200 194 "-" "python-requests/2.24.0"
127.0.0.1 - - [30/Jul/2020:07:45:56 -0400] "GET /v0/templates/?active=1&fields=id&fields=name HTTP/1.1" 200 100 "-" "python-requests/2.24.0"
127.0.0.1 - - [30/Jul/2020:07:46:56 -0400] "GET /v0/plans/?active=1&fields=id&fields=name HTTP/1.1" 200 194 "-" "python-requests/2.24.0"
127.0.0.1 - - [30/Jul/2020:07:46:56 -0400] "GET /v0/templates/?active=1&fields=id&fields=name HTTP/1.1" 200 100 "-" "python-requests/2.24.0"
127.0.0.1 - - [30/Jul/2020:07:47:56 -0400] "GET /v0/plans/?active=1&fields=id&fields=name HTTP/1.1" 200 194 "-" "python-requests/2.24.0"
127.0.0.1 - - [30/Jul/2020:07:47:56 -0400] "GET /v0/templates/?active=1&fields=id&fields=name HTTP/1.1" 200 100 "-" "python-requests/2.24.0"
127.0.0.1 - - [30/Jul/2020:07:48:56 -0400] "GET /v0/plans/?active=1&fields=id&fields=name HTTP/1.1" 200 194 "-" "python-requests/2.24.0"
127.0.0.1 - - [30/Jul/2020:07:48:56 -0400] "GET /v0/templates/?active=1&fields=id&fields=name HTTP/1.1" 200 100 "-" "python-requests/2.24.0"
127.0.0.1 - - [30/Jul/2020:07:49:56 -0400] "GET /v0/plans/?active=1&fields=id&fields=name HTTP/1.1" 200 194 "-" "python-requests/2.24.0"
127.0.0.1 - - [30/Jul/2020:07:49:56 -0400] "GET /v0/templates/?active=1&fields=id&fields=name HTTP/1.1" 200 100 "-" "python-requests/2.24.0"
127.0.0.1 - - [30/Jul/2020:07:50:56 -0400] "GET /v0/plans/?active=1&fields=id&fields=name HTTP/1.1" 200 194 "-" "python-requests/2.24.0"
127.0.0.1 - - [30/Jul/2020:07:50:56 -0400] "GET /v0/templates/?active=1&fields=id&fields=name HTTP/1.1" 200 100 "-" "python-requests/2.24.0"
127.0.0.1 - - [30/Jul/2020:07:51:56 -0400] "GET /v0/plans/?active=1&fields=id&fields=name HTTP/1.1" 200 194 "-" "python-requests/2.24.0"
127.0.0.1 - - [30/Jul/2020:07:51:56 -0400] "GET /v0/templates/?active=1&fields=id&fields=name HTTP/1.1" 200 100 "-" "python-requests/2.24.0"
127.0.0.1 - - [30/Jul/2020:07:52:56 -0400] "GET /v0/plans/?active=1&fields=id&fields=name HTTP/1.1" 200 194 "-" "python-requests/2.24.0"
127.0.0.1 - - [30/Jul/2020:07:52:56 -0400] "GET /v0/templates/?active=1&fields=id&fields=name HTTP/1.1" 200 100 "-" "python-requests/2.24.0"
127.0.0.1 - - [30/Jul/2020:07:53:56 -0400] "GET /v0/plans/?active=1&fields=id&fields=name HTTP/1.1" 200 194 "-" "python-requests/2.24.0"
127.0.0.1 - - [30/Jul/2020:07:53:56 -0400] "GET /v0/templates/?active=1&fields=id&fields=name HTTP/1.1" 200 100 "-" "python-requests/2.24.0"
127.0.0.1 - - [30/Jul/2020:07:54:56 -0400] "GET /v0/plans/?active=1&fields=id&fields=name HTTP/1.1" 200 194 "-" "python-requests/2.24.0"
127.0.0.1 - - [30/Jul/2020:07:54:56 -0400] "GET /v0/templates/?active=1&fields=id&fields=name HTTP/1.1" 200 100 "-" "python-requests/2.24.0"
127.0.0.1 - - [30/Jul/2020:07:55:56 -0400] "GET /v0/plans/?active=1&fields=id&fields=name HTTP/1.1" 200 194 "-" "python-requests/2.24.0"
127.0.0.1 - - [30/Jul/2020:07:55:56 -0400] "GET /v0/templates/?active=1&fields=id&fields=name HTTP/1.1" 200 100 "-" "python-requests/2.24.0"
127.0.0.1 - - [30/Jul/2020:07:56:56 -0400] "GET /v0/plans/?active=1&fields=id&fields=name HTTP/1.1" 200 194 "-" "python-requests/2.24.0"
127.0.0.1 - - [30/Jul/2020:07:56:56 -0400] "GET /v0/templates/?active=1&fields=id&fields=name HTTP/1.1" 200 100 "-" "python-requests/2.24.0"
127.0.0.1 - - [30/Jul/2020:07:57:56 -0400] "GET /v0/plans/?active=1&fields=id&fields=name HTTP/1.1" 200 194 "-" "python-requests/2.24.0"
127.0.0.1 - - [30/Jul/2020:07:57:56 -0400] "GET /v0/templates/?active=1&fields=id&fields=name HTTP/1.1" 200 100 "-" "python-requests/2.24.0"
127.0.0.1 - - [30/Jul/2020:07:58:56 -0400] "GET /v0/plans/?active=1&fields=id&fields=name HTTP/1.1" 200 194 "-" "python-requests/2.24.0"
127.0.0.1 - - [30/Jul/2020:07:58:56 -0400] "GET /v0/templates/?active=1&fields=id&fields=name HTTP/1.1" 200 100 "-" "python-requests/2.24.0"
127.0.0.1 - - [30/Jul/2020:07:59:56 -0400] "GET /v0/plans/?active=1&fields=id&fields=name HTTP/1.1" 200 194 "-" "python-requests/2.24.0"
127.0.0.1 - - [30/Jul/2020:07:59:56 -0400] "GET /v0/templates/?active=1&fields=id&fields=name HTTP/1.1" 200 100 "-" "python-requests/2.24.0"
127.0.0.1 - - [30/Jul/2020:08:00:56 -0400] "GET /v0/plans/?active=1&fields=id&fields=name HTTP/1.1" 200 194 "-" "python-requests/2.24.0"
127.0.0.1 - - [30/Jul/2020:08:00:56 -0400] "GET /v0/templates/?active=1&fields=id&fields=name HTTP/1.1" 200 100 "-" "python-requests/2.24.0"
127.0.0.1 - - [30/Jul/2020:08:01:56 -0400] "GET /v0/plans/?active=1&fields=id&fields=name HTTP/1.1" 200 194 "-" "python-requests/2.24.0"
127.0.0.1 - - [30/Jul/2020:08:01:56 -0400] "GET /v0/templates/?active=1&fields=id&fields=name HTTP/1.1" 200 100 "-" "python-requests/2.24.0"
127.0.0.1 - - [30/Jul/2020:08:02:56 -0400] "GET /v0/plans/?active=1&fields=id&fields=name HTTP/1.1" 200 194 "-" "python-requests/2.24.0"
127.0.0.1 - - [30/Jul/2020:08:02:56 -0400] "GET /v0/templates/?active=1&fields=id&fields=name HTTP/1.1" 200 100 "-" "python-requests/2.24.0"
127.0.0.1 - - [30/Jul/2020:08:03:56 -0400] "GET /v0/plans/?active=1&fields=id&fields=name HTTP/1.1" 200 194 "-" "python-requests/2.24.0"
127.0.0.1 - - [30/Jul/2020:08:03:56 -0400] "GET /v0/templates/?active=1&fields=id&fields=name HTTP/1.1" 200 100 "-" "python-requests/2.24.0"
127.0.0.1 - - [30/Jul/2020:08:04:56 -0400] "GET /v0/plans/?active=1&fields=id&fields=name HTTP/1.1" 200 194 "-" "python-requests/2.24.0"
127.0.0.1 - - [30/Jul/2020:08:04:56 -0400] "GET /v0/templates/?active=1&fields=id&fields=name HTTP/1.1" 200 100 "-" "python-requests/2.24.0"
127.0.0.1 - - [30/Jul/2020:08:05:56 -0400] "GET /v0/plans/?active=1&fields=id&fields=name HTTP/1.1" 200 194 "-" "python-requests/2.24.0"
127.0.0.1 - - [30/Jul/2020:08:05:56 -0400] "GET /v0/templates/?active=1&fields=id&fields=name HTTP/1.1" 200 100 "-" "python-requests/2.24.0"
127.0.0.1 - - [30/Jul/2020:08:06:56 -0400] "GET /v0/plans/?active=1&fields=id&fields=name HTTP/1.1" 200 194 "-" "python-requests/2.24.0"
127.0.0.1 - - [30/Jul/2020:08:06:56 -0400] "GET /v0/templates/?active=1&fields=id&fields=name HTTP/1.1" 200 100 "-" "python-requests/2.24.0"
127.0.0.1 - - [30/Jul/2020:08:07:56 -0400] "GET /v0/plans/?active=1&fields=id&fields=name HTTP/1.1" 200 194 "-" "python-requests/2.24.0"
127.0.0.1 - - [30/Jul/2020:08:07:56 -0400] "GET /v0/templates/?active=1&fields=id&fields=name HTTP/1.1" 200 100 "-" "python-requests/2.24.0"
127.0.0.1 - - [30/Jul/2020:08:08:56 -0400] "GET /v0/plans/?active=1&fields=id&fields=name HTTP/1.1" 200 194 "-" "python-requests/2.24.0"
127.0.0.1 - - [30/Jul/2020:08:08:56 -0400] "GET /v0/templates/?active=1&fields=id&fields=name HTTP/1.1" 200 100 "-" "python-requests/2.24.0"
127.0.0.1 - - [30/Jul/2020:08:09:56 -0400] "GET /v0/plans/?active=1&fields=id&fields=name HTTP/1.1" 200 194 "-" "python-requests/2.24.0"
127.0.0.1 - - [30/Jul/2020:08:09:56 -0400] "GET /v0/templates/?active=1&fields=id&fields=name HTTP/1.1" 200 100 "-" "python-requests/2.24.0"
127.0.0.1 - - [30/Jul/2020:08:10:56 -0400] "GET /v0/plans/?active=1&fields=id&fields=name HTTP/1.1" 200 194 "-" "python-requests/2.24.0"
127.0.0.1 - - [30/Jul/2020:08:10:56 -0400] "GET /v0/templates/?active=1&fields=id&fields=name HTTP/1.1" 200 100 "-" "python-requests/2.24.0"
127.0.0.1 - - [30/Jul/2020:08:11:56 -0400] "GET /v0/plans/?active=1&fields=id&fields=name HTTP/1.1" 200 194 "-" "python-requests/2.24.0"
127.0.0.1 - - [30/Jul/2020:08:11:56 -0400] "GET /v0/templates/?active=1&fields=id&fields=name HTTP/1.1" 200 100 "-" "python-requests/2.24.0"
127.0.0.1 - - [30/Jul/2020:08:12:56 -0400] "GET /v0/plans/?active=1&fields=id&fields=name HTTP/1.1" 200 194 "-" "python-requests/2.24.0"
127.0.0.1 - - [30/Jul/2020:08:12:56 -0400] "GET /v0/templates/?active=1&fields=id&fields=name HTTP/1.1" 200 100 "-" "python-requests/2.24.0"
127.0.0.1 - - [30/Jul/2020:08:13:56 -0400] "GET /v0/plans/?active=1&fields=id&fields=name HTTP/1.1" 200 194 "-" "python-requests/2.24.0"
127.0.0.1 - - [30/Jul/2020:08:13:56 -0400] "GET /v0/templates/?active=1&fields=id&fields=name HTTP/1.1" 200 100 "-" "python-requests/2.24.0"
127.0.0.1 - - [30/Jul/2020:08:14:56 -0400] "GET /v0/plans/?active=1&fields=id&fields=name HTTP/1.1" 200 194 "-" "python-requests/2.24.0"
127.0.0.1 - - [30/Jul/2020:08:14:56 -0400] "GET /v0/templates/?active=1&fields=id&fields=name HTTP/1.1" 200 100 "-" "python-requests/2.24.0"
127.0.0.1 - - [30/Jul/2020:08:15:56 -0400] "GET /v0/plans/?active=1&fields=id&fields=name HTTP/1.1" 200 194 "-" "python-requests/2.24.0"
127.0.0.1 - - [30/Jul/2020:08:15:56 -0400] "GET /v0/templates/?active=1&fields=id&fields=name HTTP/1.1" 200 100 "-" "python-requests/2.24.0"
127.0.0.1 - - [30/Jul/2020:08:16:56 -0400] "GET /v0/plans/?active=1&fields=id&fields=name HTTP/1.1" 200 194 "-" "python-requests/2.24.0"
127.0.0.1 - - [30/Jul/2020:08:16:56 -0400] "GET /v0/templates/?active=1&fields=id&fields=name HTTP/1.1" 200 100 "-" "python-requests/2.24.0"
127.0.0.1 - - [30/Jul/2020:08:17:56 -0400] "GET /v0/plans/?active=1&fields=id&fields=name HTTP/1.1" 200 194 "-" "python-requests/2.24.0"
127.0.0.1 - - [30/Jul/2020:08:17:56 -0400] "GET /v0/templates/?active=1&fields=id&fields=name HTTP/1.1" 200 100 "-" "python-requests/2.24.0"
127.0.0.1 - - [30/Jul/2020:08:18:56 -0400] "GET /v0/plans/?active=1&fields=id&fields=name HTTP/1.1" 200 194 "-" "python-requests/2.24.0"
127.0.0.1 - - [30/Jul/2020:08:18:56 -0400] "GET /v0/templates/?active=1&fields=id&fields=name HTTP/1.1" 200 100 "-" "python-requests/2.24.0"
127.0.0.1 - - [30/Jul/2020:08:19:56 -0400] "GET /v0/plans/?active=1&fields=id&fields=name HTTP/1.1" 200 194 "-" "python-requests/2.24.0"
127.0.0.1 - - [30/Jul/2020:08:19:56 -0400] "GET /v0/templates/?active=1&fields=id&fields=name HTTP/1.1" 200 100 "-" "python-requests/2.24.0"
127.0.0.1 - - [30/Jul/2020:08:20:56 -0400] "GET /v0/plans/?active=1&fields=id&fields=name HTTP/1.1" 200 194 "-" "python-requests/2.24.0"
127.0.0.1 - - [30/Jul/2020:08:20:56 -0400] "GET /v0/templates/?active=1&fields=id&fields=name HTTP/1.1" 200 100 "-" "python-requests/2.24.0"
127.0.0.1 - - [30/Jul/2020:08:21:56 -0400] "GET /v0/plans/?active=1&fields=id&fields=name HTTP/1.1" 200 194 "-" "python-requests/2.24.0"
127.0.0.1 - - [30/Jul/2020:08:21:56 -0400] "GET /v0/templates/?active=1&fields=id&fields=name HTTP/1.1" 200 100 "-" "python-requests/2.24.0"
127.0.0.1 - - [30/Jul/2020:08:22:56 -0400] "GET /v0/plans/?active=1&fields=id&fields=name HTTP/1.1" 200 194 "-" "python-requests/2.24.0"
127.0.0.1 - - [30/Jul/2020:08:22:56 -0400] "GET /v0/templates/?active=1&fields=id&fields=name HTTP/1.1" 200 100 "-" "python-requests/2.24.0"
127.0.0.1 - - [30/Jul/2020:08:23:56 -0400] "GET /v0/plans/?active=1&fields=id&fields=name HTTP/1.1" 200 194 "-" "python-requests/2.24.0"
127.0.0.1 - - [30/Jul/2020:08:23:56 -0400] "GET /v0/templates/?active=1&fields=id&fields=name HTTP/1.1" 200 100 "-" "python-requests/2.24.0"
127.0.0.1 - - [30/Jul/2020:08:24:56 -0400] "GET /v0/plans/?active=1&fields=id&fields=name HTTP/1.1" 200 194 "-" "python-requests/2.24.0"
127.0.0.1 - - [30/Jul/2020:08:24:56 -0400] "GET /v0/templates/?active=1&fields=id&fields=name HTTP/1.1" 200 100 "-" "python-requests/2.24.0"
127.0.0.1 - - [30/Jul/2020:08:25:56 -0400] "GET /v0/plans/?active=1&fields=id&fields=name HTTP/1.1" 200 194 "-" "python-requests/2.24.0"
127.0.0.1 - - [30/Jul/2020:08:25:56 -0400] "GET /v0/templates/?active=1&fields=id&fields=name HTTP/1.1" 200 100 "-" "python-requests/2.24.0"
127.0.0.1 - - [30/Jul/2020:08:26:56 -0400] "GET /v0/plans/?active=1&fields=id&fields=name HTTP/1.1" 200 194 "-" "python-requests/2.24.0"
127.0.0.1 - - [30/Jul/2020:08:26:56 -0400] "GET /v0/templates/?active=1&fields=id&fields=name HTTP/1.1" 200 100 "-" "python-requests/2.24.0"
127.0.0.1 - - [30/Jul/2020:08:27:56 -0400] "GET /v0/plans/?active=1&fields=id&fields=name HTTP/1.1" 200 194 "-" "python-requests/2.24.0"
127.0.0.1 - - [30/Jul/2020:08:27:56 -0400] "GET /v0/templates/?active=1&fields=id&fields=name HTTP/1.1" 200 100 "-" "python-requests/2.24.0"
127.0.0.1 - - [30/Jul/2020:08:28:56 -0400] "GET /v0/plans/?active=1&fields=id&fields=name HTTP/1.1" 200 194 "-" "python-requests/2.24.0"
127.0.0.1 - - [30/Jul/2020:08:28:56 -0400] "GET /v0/templates/?active=1&fields=id&fields=name HTTP/1.1" 200 100 "-" "python-requests/2.24.0"
127.0.0.1 - - [30/Jul/2020:08:29:56 -0400] "GET /v0/plans/?active=1&fields=id&fields=name HTTP/1.1" 200 194 "-" "python-requests/2.24.0"
127.0.0.1 - - [30/Jul/2020:08:29:56 -0400] "GET /v0/templates/?active=1&fields=id&fields=name HTTP/1.1" 200 100 "-" "python-requests/2.24.0"
127.0.0.1 - - [30/Jul/2020:08:30:56 -0400] "GET /v0/plans/?active=1&fields=id&fields=name HTTP/1.1" 200 194 "-" "python-requests/2.24.0"
127.0.0.1 - - [30/Jul/2020:08:30:56 -0400] "GET /v0/templates/?active=1&fields=id&fields=name HTTP/1.1" 200 100 "-" "python-requests/2.24.0"
127.0.0.1 - - [30/Jul/2020:08:31:56 -0400] "GET /v0/plans/?active=1&fields=id&fields=name HTTP/1.1" 200 194 "-" "python-requests/2.24.0"
127.0.0.1 - - [30/Jul/2020:08:31:56 -0400] "GET /v0/templates/?active=1&fields=id&fields=name HTTP/1.1" 200 100 "-" "python-requests/2.24.0"
127.0.0.1 - - [30/Jul/2020:08:32:56 -0400] "GET /v0/plans/?active=1&fields=id&fields=name HTTP/1.1" 200 194 "-" "python-requests/2.24.0"
127.0.0.1 - - [30/Jul/2020:08:32:56 -0400] "GET /v0/templates/?active=1&fields=id&fields=name HTTP/1.1" 200 100 "-" "python-requests/2.24.0"
127.0.0.1 - - [30/Jul/2020:08:33:56 -0400] "GET /v0/plans/?active=1&fields=id&fields=name HTTP/1.1" 200 194 "-" "python-requests/2.24.0"
127.0.0.1 - - [30/Jul/2020:08:33:56 -0400] "GET /v0/templates/?active=1&fields=id&fields=name HTTP/1.1" 200 100 "-" "python-requests/2.24.0"
127.0.0.1 - - [30/Jul/2020:08:34:56 -0400] "GET /v0/plans/?active=1&fields=id&fields=name HTTP/1.1" 200 194 "-" "python-requests/2.24.0"
127.0.0.1 - - [30/Jul/2020:08:34:56 -0400] "GET /v0/templates/?active=1&fields=id&fields=name HTTP/1.1" 200 100 "-" "python-requests/2.24.0"
127.0.0.1 - - [30/Jul/2020:08:35:56 -0400] "GET /v0/plans/?active=1&fields=id&fields=name HTTP/1.1" 200 194 "-" "python-requests/2.24.0"
127.0.0.1 - - [30/Jul/2020:08:35:56 -0400] "GET /v0/templates/?active=1&fields=id&fields=name HTTP/1.1" 200 100 "-" "python-requests/2.24.0"
127.0.0.1 - - [30/Jul/2020:08:36:56 -0400] "GET /v0/plans/?active=1&fields=id&fields=name HTTP/1.1" 200 194 "-" "python-requests/2.24.0"
127.0.0.1 - - [30/Jul/2020:08:36:56 -0400] "GET /v0/templates/?active=1&fields=id&fields=name HTTP/1.1" 200 100 "-" "python-requests/2.24.0"
127.0.0.1 - - [30/Jul/2020:08:37:56 -0400] "GET /v0/plans/?active=1&fields=id&fields=name HTTP/1.1" 200 194 "-" "python-requests/2.24.0"
127.0.0.1 - - [30/Jul/2020:08:37:56 -0400] "GET /v0/templates/?active=1&fields=id&fields=name HTTP/1.1" 200 100 "-" "python-requests/2.24.0"
127.0.0.1 - - [30/Jul/2020:08:38:56 -0400] "GET /v0/plans/?active=1&fields=id&fields=name HTTP/1.1" 200 194 "-" "python-requests/2.24.0"
127.0.0.1 - - [30/Jul/2020:08:38:56 -0400] "GET /v0/templates/?active=1&fields=id&fields=name HTTP/1.1" 200 100 "-" "python-requests/2.24.0"
127.0.0.1 - - [30/Jul/2020:08:39:56 -0400] "GET /v0/plans/?active=1&fields=id&fields=name HTTP/1.1" 200 194 "-" "python-requests/2.24.0"
127.0.0.1 - - [30/Jul/2020:08:39:56 -0400] "GET /v0/templates/?active=1&fields=id&fields=name HTTP/1.1" 200 100 "-" "python-requests/2.24.0"
127.0.0.1 - - [30/Jul/2020:08:40:56 -0400] "GET /v0/plans/?active=1&fields=id&fields=name HTTP/1.1" 200 194 "-" "python-requests/2.24.0"
127.0.0.1 - - [30/Jul/2020:08:40:56 -0400] "GET /v0/templates/?active=1&fields=id&fields=name HTTP/1.1" 200 100 "-" "python-requests/2.24.0"
127.0.0.1 - - [30/Jul/2020:08:41:56 -0400] "GET /v0/plans/?active=1&fields=id&fields=name HTTP/1.1" 200 194 "-" "python-requests/2.24.0"
127.0.0.1 - - [30/Jul/2020:08:41:56 -0400] "GET /v0/templates/?active=1&fields=id&fields=name HTTP/1.1" 200 100 "-" "python-requests/2.24.0"
127.0.0.1 - - [30/Jul/2020:08:42:56 -0400] "GET /v0/plans/?active=1&fields=id&fields=name HTTP/1.1" 200 194 "-" "python-requests/2.24.0"
127.0.0.1 - - [30/Jul/2020:08:42:56 -0400] "GET /v0/templates/?active=1&fields=id&fields=name HTTP/1.1" 200 100 "-" "python-requests/2.24.0"
127.0.0.1 - - [30/Jul/2020:08:43:56 -0400] "GET /v0/plans/?active=1&fields=id&fields=name HTTP/1.1" 200 194 "-" "python-requests/2.24.0"
127.0.0.1 - - [30/Jul/2020:08:43:56 -0400] "GET /v0/templates/?active=1&fields=id&fields=name HTTP/1.1" 200 100 "-" "python-requests/2.24.0"
127.0.0.1 - - [30/Jul/2020:08:44:56 -0400] "GET /v0/plans/?active=1&fields=id&fields=name HTTP/1.1" 200 194 "-" "python-requests/2.24.0"
127.0.0.1 - - [30/Jul/2020:08:44:56 -0400] "GET /v0/templates/?active=1&fields=id&fields=name HTTP/1.1" 200 100 "-" "python-requests/2.24.0"
127.0.0.1 - - [30/Jul/2020:08:45:56 -0400] "GET /v0/plans/?active=1&fields=id&fields=name HTTP/1.1" 200 194 "-" "python-requests/2.24.0"
127.0.0.1 - - [30/Jul/2020:08:45:56 -0400] "GET /v0/templates/?active=1&fields=id&fields=name HTTP/1.1" 200 100 "-" "python-requests/2.24.0"
127.0.0.1 - - [30/Jul/2020:08:46:56 -0400] "GET /v0/plans/?active=1&fields=id&fields=name HTTP/1.1" 200 194 "-" "python-requests/2.24.0"
127.0.0.1 - - [30/Jul/2020:08:46:56 -0400] "GET /v0/templates/?active=1&fields=id&fields=name HTTP/1.1" 200 100 "-" "python-requests/2.24.0"
127.0.0.1 - - [30/Jul/2020:08:47:56 -0400] "GET /v0/plans/?active=1&fields=id&fields=name HTTP/1.1" 200 194 "-" "python-requests/2.24.0"
127.0.0.1 - - [30/Jul/2020:08:47:56 -0400] "GET /v0/templates/?active=1&fields=id&fields=name HTTP/1.1" 200 100 "-" "python-requests/2.24.0"
127.0.0.1 - - [30/Jul/2020:08:48:56 -0400] "GET /v0/plans/?active=1&fields=id&fields=name HTTP/1.1" 200 194 "-" "python-requests/2.24.0"
127.0.0.1 - - [30/Jul/2020:08:48:56 -0400] "GET /v0/templates/?active=1&fields=id&fields=name HTTP/1.1" 200 100 "-" "python-requests/2.24.0"
127.0.0.1 - - [30/Jul/2020:08:49:56 -0400] "GET /v0/plans/?active=1&fields=id&fields=name HTTP/1.1" 200 194 "-" "python-requests/2.24.0"
127.0.0.1 - - [30/Jul/2020:08:49:56 -0400] "GET /v0/templates/?active=1&fields=id&fields=name HTTP/1.1" 200 100 "-" "python-requests/2.24.0"
127.0.0.1 - - [30/Jul/2020:08:50:56 -0400] "GET /v0/plans/?active=1&fields=id&fields=name HTTP/1.1" 200 194 "-" "python-requests/2.24.0"
127.0.0.1 - - [30/Jul/2020:08:50:56 -0400] "GET /v0/templates/?active=1&fields=id&fields=name HTTP/1.1" 200 100 "-" "python-requests/2.24.0"
127.0.0.1 - - [30/Jul/2020:08:51:56 -0400] "GET /v0/plans/?active=1&fields=id&fields=name HTTP/1.1" 200 194 "-" "python-requests/2.24.0"
127.0.0.1 - - [30/Jul/2020:08:51:56 -0400] "GET /v0/templates/?active=1&fields=id&fields=name HTTP/1.1" 200 100 "-" "python-requests/2.24.0"
127.0.0.1 - - [30/Jul/2020:08:52:56 -0400] "GET /v0/plans/?active=1&fields=id&fields=name HTTP/1.1" 200 194 "-" "python-requests/2.24.0"
127.0.0.1 - - [30/Jul/2020:08:52:56 -0400] "GET /v0/templates/?active=1&fields=id&fields=name HTTP/1.1" 200 100 "-" "python-requests/2.24.0"
127.0.0.1 - - [30/Jul/2020:08:53:56 -0400] "GET /v0/plans/?active=1&fields=id&fields=name HTTP/1.1" 200 194 "-" "python-requests/2.24.0"
127.0.0.1 - - [30/Jul/2020:08:53:56 -0400] "GET /v0/templates/?active=1&fields=id&fields=name HTTP/1.1" 200 100 "-" "python-requests/2.24.0"
127.0.0.1 - - [30/Jul/2020:08:54:56 -0400] "GET /v0/plans/?active=1&fields=id&fields=name HTTP/1.1" 200 194 "-" "python-requests/2.24.0"
127.0.0.1 - - [30/Jul/2020:08:54:56 -0400] "GET /v0/templates/?active=1&fields=id&fields=name HTTP/1.1" 200 100 "-" "python-requests/2.24.0"
127.0.0.1 - - [30/Jul/2020:08:55:56 -0400] "GET /v0/plans/?active=1&fields=id&fields=name HTTP/1.1" 200 194 "-" "python-requests/2.24.0"
127.0.0.1 - - [30/Jul/2020:08:55:56 -0400] "GET /v0/templates/?active=1&fields=id&fields=name HTTP/1.1" 200 100 "-" "python-requests/2.24.0"
127.0.0.1 - - [30/Jul/2020:08:56:56 -0400] "GET /v0/plans/?active=1&fields=id&fields=name HTTP/1.1" 200 194 "-" "python-requests/2.24.0"
127.0.0.1 - - [30/Jul/2020:08:56:56 -0400] "GET /v0/templates/?active=1&fields=id&fields=name HTTP/1.1" 200 100 "-" "python-requests/2.24.0"
127.0.0.1 - - [30/Jul/2020:08:57:56 -0400] "GET /v0/plans/?active=1&fields=id&fields=name HTTP/1.1" 200 194 "-" "python-requests/2.24.0"
127.0.0.1 - - [30/Jul/2020:08:57:56 -0400] "GET /v0/templates/?active=1&fields=id&fields=name HTTP/1.1" 200 100 "-" "python-requests/2.24.0"
127.0.0.1 - - [30/Jul/2020:08:58:56 -0400] "GET /v0/plans/?active=1&fields=id&fields=name HTTP/1.1" 200 194 "-" "python-requests/2.24.0"
127.0.0.1 - - [30/Jul/2020:08:58:56 -0400] "GET /v0/templates/?active=1&fields=id&fields=name HTTP/1.1" 200 100 "-" "python-requests/2.24.0"
127.0.0.1 - - [30/Jul/2020:08:59:56 -0400] "GET /v0/plans/?active=1&fields=id&fields=name HTTP/1.1" 200 194 "-" "python-requests/2.24.0"
127.0.0.1 - - [30/Jul/2020:08:59:56 -0400] "GET /v0/templates/?active=1&fields=id&fields=name HTTP/1.1" 200 100 "-" "python-requests/2.24.0"
127.0.0.1 - - [30/Jul/2020:09:00:56 -0400] "GET /v0/plans/?active=1&fields=id&fields=name HTTP/1.1" 200 194 "-" "python-requests/2.24.0"
127.0.0.1 - - [30/Jul/2020:09:00:56 -0400] "GET /v0/templates/?active=1&fields=id&fields=name HTTP/1.1" 200 100 "-" "python-requests/2.24.0"
127.0.0.1 - - [30/Jul/2020:09:01:56 -0400] "GET /v0/plans/?active=1&fields=id&fields=name HTTP/1.1" 200 194 "-" "python-requests/2.24.0"
127.0.0.1 - - [30/Jul/2020:09:01:56 -0400] "GET /v0/templates/?active=1&fields=id&fields=name HTTP/1.1" 200 100 "-" "python-requests/2.24.0"
127.0.0.1 - - [30/Jul/2020:09:02:56 -0400] "GET /v0/plans/?active=1&fields=id&fields=name HTTP/1.1" 200 194 "-" "python-requests/2.24.0"
127.0.0.1 - - [30/Jul/2020:09:02:56 -0400] "GET /v0/templates/?active=1&fields=id&fields=name HTTP/1.1" 200 100 "-" "python-requests/2.24.0"
127.0.0.1 - - [30/Jul/2020:09:03:56 -0400] "GET /v0/plans/?active=1&fields=id&fields=name HTTP/1.1" 200 194 "-" "python-requests/2.24.0"
127.0.0.1 - - [30/Jul/2020:09:03:56 -0400] "GET /v0/templates/?active=1&fields=id&fields=name HTTP/1.1" 200 100 "-" "python-requests/2.24.0"
127.0.0.1 - - [30/Jul/2020:09:04:56 -0400] "GET /v0/plans/?active=1&fields=id&fields=name HTTP/1.1" 200 194 "-" "python-requests/2.24.0"
127.0.0.1 - - [30/Jul/2020:09:04:56 -0400] "GET /v0/templates/?active=1&fields=id&fields=name HTTP/1.1" 200 100 "-" "python-requests/2.24.0"
127.0.0.1 - - [30/Jul/2020:09:05:56 -0400] "GET /v0/plans/?active=1&fields=id&fields=name HTTP/1.1" 200 194 "-" "python-requests/2.24.0"
127.0.0.1 - - [30/Jul/2020:09:05:56 -0400] "GET /v0/templates/?active=1&fields=id&fields=name HTTP/1.1" 200 100 "-" "python-requests/2.24.0"
127.0.0.1 - - [30/Jul/2020:09:06:56 -0400] "GET /v0/plans/?active=1&fields=id&fields=name HTTP/1.1" 200 194 "-" "python-requests/2.24.0"
127.0.0.1 - - [30/Jul/2020:09:06:56 -0400] "GET /v0/templates/?active=1&fields=id&fields=name HTTP/1.1" 200 100 "-" "python-requests/2.24.0"
127.0.0.1 - - [30/Jul/2020:09:07:56 -0400] "GET /v0/plans/?active=1&fields=id&fields=name HTTP/1.1" 200 194 "-" "python-requests/2.24.0"
127.0.0.1 - - [30/Jul/2020:09:07:56 -0400] "GET /v0/templates/?active=1&fields=id&fields=name HTTP/1.1" 200 100 "-" "python-requests/2.24.0"
127.0.0.1 - - [30/Jul/2020:09:08:56 -0400] "GET /v0/plans/?active=1&fields=id&fields=name HTTP/1.1" 200 194 "-" "python-requests/2.24.0"
127.0.0.1 - - [30/Jul/2020:09:08:56 -0400] "GET /v0/templates/?active=1&fields=id&fields=name HTTP/1.1" 200 100 "-" "python-requests/2.24.0"
127.0.0.1 - - [30/Jul/2020:09:09:56 -0400] "GET /v0/plans/?active=1&fields=id&fields=name HTTP/1.1" 200 194 "-" "python-requests/2.24.0"
127.0.0.1 - - [30/Jul/2020:09:09:56 -0400] "GET /v0/templates/?active=1&fields=id&fields=name HTTP/1.1" 200 100 "-" "python-requests/2.24.0"
127.0.0.1 - - [30/Jul/2020:09:10:56 -0400] "GET /v0/plans/?active=1&fields=id&fields=name HTTP/1.1" 200 194 "-" "python-requests/2.24.0"
127.0.0.1 - - [30/Jul/2020:09:10:56 -0400] "GET /v0/templates/?active=1&fields=id&fields=name HTTP/1.1" 200 100 "-" "python-requests/2.24.0"
127.0.0.1 - - [30/Jul/2020:09:11:56 -0400] "GET /v0/plans/?active=1&fields=id&fields=name HTTP/1.1" 200 194 "-" "python-requests/2.24.0"
127.0.0.1 - - [30/Jul/2020:09:11:56 -0400] "GET /v0/templates/?active=1&fields=id&fields=name HTTP/1.1" 200 100 "-" "python-requests/2.24.0"
127.0.0.1 - - [30/Jul/2020:09:12:56 -0400] "GET /v0/plans/?active=1&fields=id&fields=name HTTP/1.1" 200 194 "-" "python-requests/2.24.0"
127.0.0.1 - - [30/Jul/2020:09:12:56 -0400] "GET /v0/templates/?active=1&fields=id&fields=name HTTP/1.1" 200 100 "-" "python-requests/2.24.0"
127.0.0.1 - - [30/Jul/2020:09:13:56 -0400] "GET /v0/plans/?active=1&fields=id&fields=name HTTP/1.1" 200 194 "-" "python-requests/2.24.0"
127.0.0.1 - - [30/Jul/2020:09:13:56 -0400] "GET /v0/templates/?active=1&fields=id&fields=name HTTP/1.1" 200 100 "-" "python-requests/2.24.0"
127.0.0.1 - - [30/Jul/2020:09:14:56 -0400] "GET /v0/plans/?active=1&fields=id&fields=name HTTP/1.1" 200 194 "-" "python-requests/2.24.0"
127.0.0.1 - - [30/Jul/2020:09:14:56 -0400] "GET /v0/templates/?active=1&fields=id&fields=name HTTP/1.1" 200 100 "-" "python-requests/2.24.0"
127.0.0.1 - - [30/Jul/2020:09:15:56 -0400] "GET /v0/plans/?active=1&fields=id&fields=name HTTP/1.1" 200 194 "-" "python-requests/2.24.0"
127.0.0.1 - - [30/Jul/2020:09:15:56 -0400] "GET /v0/templates/?active=1&fields=id&fields=name HTTP/1.1" 200 100 "-" "python-requests/2.24.0"
127.0.0.1 - - [30/Jul/2020:09:16:56 -0400] "GET /v0/plans/?active=1&fields=id&fields=name HTTP/1.1" 200 194 "-" "python-requests/2.24.0"
127.0.0.1 - - [30/Jul/2020:09:16:56 -0400] "GET /v0/templates/?active=1&fields=id&fields=name HTTP/1.1" 200 100 "-" "python-requests/2.24.0"
127.0.0.1 - - [30/Jul/2020:09:17:56 -0400] "GET /v0/plans/?active=1&fields=id&fields=name HTTP/1.1" 200 194 "-" "python-requests/2.24.0"
127.0.0.1 - - [30/Jul/2020:09:17:56 -0400] "GET /v0/templates/?active=1&fields=id&fields=name HTTP/1.1" 200 100 "-" "python-requests/2.24.0"
127.0.0.1 - - [30/Jul/2020:09:18:56 -0400] "GET /v0/plans/?active=1&fields=id&fields=name HTTP/1.1" 200 194 "-" "python-requests/2.24.0"
127.0.0.1 - - [30/Jul/2020:09:18:56 -0400] "GET /v0/templates/?active=1&fields=id&fields=name HTTP/1.1" 200 100 "-" "python-requests/2.24.0"
127.0.0.1 - - [30/Jul/2020:09:19:56 -0400] "GET /v0/plans/?active=1&fields=id&fields=name HTTP/1.1" 200 194 "-" "python-requests/2.24.0"
127.0.0.1 - - [30/Jul/2020:09:19:56 -0400] "GET /v0/templates/?active=1&fields=id&fields=name HTTP/1.1" 200 100 "-" "python-requests/2.24.0"
127.0.0.1 - - [30/Jul/2020:09:20:56 -0400] "GET /v0/plans/?active=1&fields=id&fields=name HTTP/1.1" 200 194 "-" "python-requests/2.24.0"
127.0.0.1 - - [30/Jul/2020:09:20:56 -0400] "GET /v0/templates/?active=1&fields=id&fields=name HTTP/1.1" 200 100 "-" "python-requests/2.24.0"
127.0.0.1 - - [30/Jul/2020:09:21:56 -0400] "GET /v0/plans/?active=1&fields=id&fields=name HTTP/1.1" 200 194 "-" "python-requests/2.24.0"
127.0.0.1 - - [30/Jul/2020:09:21:56 -0400] "GET /v0/templates/?active=1&fields=id&fields=name HTTP/1.1" 200 100 "-" "python-requests/2.24.0"
127.0.0.1 - - [30/Jul/2020:09:22:56 -0400] "GET /v0/plans/?active=1&fields=id&fields=name HTTP/1.1" 200 194 "-" "python-requests/2.24.0"
127.0.0.1 - - [30/Jul/2020:09:22:56 -0400] "GET /v0/templates/?active=1&fields=id&fields=name HTTP/1.1" 200 100 "-" "python-requests/2.24.0"
127.0.0.1 - - [30/Jul/2020:09:23:56 -0400] "GET /v0/plans/?active=1&fields=id&fields=name HTTP/1.1" 200 194 "-" "python-requests/2.24.0"
127.0.0.1 - - [30/Jul/2020:09:23:56 -0400] "GET /v0/templates/?active=1&fields=id&fields=name HTTP/1.1" 200 100 "-" "python-requests/2.24.0"
127.0.0.1 - - [30/Jul/2020:09:24:56 -0400] "GET /v0/plans/?active=1&fields=id&fields=name HTTP/1.1" 200 194 "-" "python-requests/2.24.0"
127.0.0.1 - - [30/Jul/2020:09:24:56 -0400] "GET /v0/templates/?active=1&fields=id&fields=name HTTP/1.1" 200 100 "-" "python-requests/2.24.0"
127.0.0.1 - - [30/Jul/2020:09:25:56 -0400] "GET /v0/plans/?active=1&fields=id&fields=name HTTP/1.1" 200 194 "-" "python-requests/2.24.0"
127.0.0.1 - - [30/Jul/2020:09:25:56 -0400] "GET /v0/templates/?active=1&fields=id&fields=name HTTP/1.1" 200 100 "-" "python-requests/2.24.0"
127.0.0.1 - - [30/Jul/2020:09:26:56 -0400] "GET /v0/plans/?active=1&fields=id&fields=name HTTP/1.1" 200 194 "-" "python-requests/2.24.0"
127.0.0.1 - - [30/Jul/2020:09:26:56 -0400] "GET /v0/templates/?active=1&fields=id&fields=name HTTP/1.1" 200 100 "-" "python-requests/2.24.0"
127.0.0.1 - - [30/Jul/2020:09:27:56 -0400] "GET /v0/plans/?active=1&fields=id&fields=name HTTP/1.1" 200 194 "-" "python-requests/2.24.0"
127.0.0.1 - - [30/Jul/2020:09:27:56 -0400] "GET /v0/templates/?active=1&fields=id&fields=name HTTP/1.1" 200 100 "-" "python-requests/2.24.0"
127.0.0.1 - - [30/Jul/2020:09:28:56 -0400] "GET /v0/plans/?active=1&fields=id&fields=name HTTP/1.1" 200 194 "-" "python-requests/2.24.0"
127.0.0.1 - - [30/Jul/2020:09:28:56 -0400] "GET /v0/templates/?active=1&fields=id&fields=name HTTP/1.1" 200 100 "-" "python-requests/2.24.0"
127.0.0.1 - - [30/Jul/2020:09:29:56 -0400] "GET /v0/plans/?active=1&fields=id&fields=name HTTP/1.1" 200 194 "-" "python-requests/2.24.0"
127.0.0.1 - - [30/Jul/2020:09:29:56 -0400] "GET /v0/templates/?active=1&fields=id&fields=name HTTP/1.1" 200 100 "-" "python-requests/2.24.0"
127.0.0.1 - - [30/Jul/2020:09:30:56 -0400] "GET /v0/plans/?active=1&fields=id&fields=name HTTP/1.1" 200 194 "-" "python-requests/2.24.0"
127.0.0.1 - - [30/Jul/2020:09:30:56 -0400] "GET /v0/templates/?active=1&fields=id&fields=name HTTP/1.1" 200 100 "-" "python-requests/2.24.0"
127.0.0.1 - - [30/Jul/2020:09:31:56 -0400] "GET /v0/plans/?active=1&fields=id&fields=name HTTP/1.1" 200 194 "-" "python-requests/2.24.0"
127.0.0.1 - - [30/Jul/2020:09:31:56 -0400] "GET /v0/templates/?active=1&fields=id&fields=name HTTP/1.1" 200 100 "-" "python-requests/2.24.0"
127.0.0.1 - - [30/Jul/2020:09:32:56 -0400] "GET /v0/plans/?active=1&fields=id&fields=name HTTP/1.1" 200 194 "-" "python-requests/2.24.0"
127.0.0.1 - - [30/Jul/2020:09:32:56 -0400] "GET /v0/templates/?active=1&fields=id&fields=name HTTP/1.1" 200 100 "-" "python-requests/2.24.0"
127.0.0.1 - - [30/Jul/2020:09:33:56 -0400] "GET /v0/plans/?active=1&fields=id&fields=name HTTP/1.1" 200 194 "-" "python-requests/2.24.0"
127.0.0.1 - - [30/Jul/2020:09:33:56 -0400] "GET /v0/templates/?active=1&fields=id&fields=name HTTP/1.1" 200 100 "-" "python-requests/2.24.0"
127.0.0.1 - - [30/Jul/2020:09:34:56 -0400] "GET /v0/plans/?active=1&fields=id&fields=name HTTP/1.1" 200 194 "-" "python-requests/2.24.0"
127.0.0.1 - - [30/Jul/2020:09:34:56 -0400] "GET /v0/templates/?active=1&fields=id&fields=name HTTP/1.1" 200 100 "-" "python-requests/2.24.0"
127.0.0.1 - - [30/Jul/2020:09:35:56 -0400] "GET /v0/plans/?active=1&fields=id&fields=name HTTP/1.1" 200 194 "-" "python-requests/2.24.0"
127.0.0.1 - - [30/Jul/2020:09:35:56 -0400] "GET /v0/templates/?active=1&fields=id&fields=name HTTP/1.1" 200 100 "-" "python-requests/2.24.0"
127.0.0.1 - - [30/Jul/2020:09:36:56 -0400] "GET /v0/plans/?active=1&fields=id&fields=name HTTP/1.1" 200 194 "-" "python-requests/2.24.0"
127.0.0.1 - - [30/Jul/2020:09:36:56 -0400] "GET /v0/templates/?active=1&fields=id&fields=name HTTP/1.1" 200 100 "-" "python-requests/2.24.0"
127.0.0.1 - - [30/Jul/2020:09:37:56 -0400] "GET /v0/plans/?active=1&fields=id&fields=name HTTP/1.1" 200 194 "-" "python-requests/2.24.0"
127.0.0.1 - - [30/Jul/2020:09:37:56 -0400] "GET /v0/templates/?active=1&fields=id&fields=name HTTP/1.1" 200 100 "-" "python-requests/2.24.0"
127.0.0.1 - - [30/Jul/2020:09:38:56 -0400] "GET /v0/plans/?active=1&fields=id&fields=name HTTP/1.1" 200 194 "-" "python-requests/2.24.0"
127.0.0.1 - - [30/Jul/2020:09:38:56 -0400] "GET /v0/templates/?active=1&fields=id&fields=name HTTP/1.1" 200 100 "-" "python-requests/2.24.0"
127.0.0.1 - - [30/Jul/2020:09:39:56 -0400] "GET /v0/plans/?active=1&fields=id&fields=name HTTP/1.1" 200 194 "-" "python-requests/2.24.0"
127.0.0.1 - - [30/Jul/2020:09:39:56 -0400] "GET /v0/templates/?active=1&fields=id&fields=name HTTP/1.1" 200 100 "-" "python-requests/2.24.0"
127.0.0.1 - - [30/Jul/2020:09:40:56 -0400] "GET /v0/plans/?active=1&fields=id&fields=name HTTP/1.1" 200 194 "-" "python-requests/2.24.0"
127.0.0.1 - - [30/Jul/2020:09:40:56 -0400] "GET /v0/templates/?active=1&fields=id&fields=name HTTP/1.1" 200 100 "-" "python-requests/2.24.0"
127.0.0.1 - - [30/Jul/2020:09:41:56 -0400] "GET /v0/plans/?active=1&fields=id&fields=name HTTP/1.1" 200 194 "-" "python-requests/2.24.0"
127.0.0.1 - - [30/Jul/2020:09:41:56 -0400] "GET /v0/templates/?active=1&fields=id&fields=name HTTP/1.1" 200 100 "-" "python-requests/2.24.0"
127.0.0.1 - - [30/Jul/2020:09:42:56 -0400] "GET /v0/plans/?active=1&fields=id&fields=name HTTP/1.1" 200 194 "-" "python-requests/2.24.0"
127.0.0.1 - - [30/Jul/2020:09:42:56 -0400] "GET /v0/templates/?active=1&fields=id&fields=name HTTP/1.1" 200 100 "-" "python-requests/2.24.0"
127.0.0.1 - - [30/Jul/2020:09:43:56 -0400] "GET /v0/plans/?active=1&fields=id&fields=name HTTP/1.1" 200 194 "-" "python-requests/2.24.0"
127.0.0.1 - - [30/Jul/2020:09:43:56 -0400] "GET /v0/templates/?active=1&fields=id&fields=name HTTP/1.1" 200 100 "-" "python-requests/2.24.0"
127.0.0.1 - - [30/Jul/2020:09:44:56 -0400] "GET /v0/plans/?active=1&fields=id&fields=name HTTP/1.1" 200 194 "-" "python-requests/2.24.0"
127.0.0.1 - - [30/Jul/2020:09:44:56 -0400] "GET /v0/templates/?active=1&fields=id&fields=name HTTP/1.1" 200 100 "-" "python-requests/2.24.0"
127.0.0.1 - - [30/Jul/2020:09:45:56 -0400] "GET /v0/plans/?active=1&fields=id&fields=name HTTP/1.1" 200 194 "-" "python-requests/2.24.0"
127.0.0.1 - - [30/Jul/2020:09:45:56 -0400] "GET /v0/templates/?active=1&fields=id&fields=name HTTP/1.1" 200 100 "-" "python-requests/2.24.0"
127.0.0.1 - - [30/Jul/2020:09:46:56 -0400] "GET /v0/plans/?active=1&fields=id&fields=name HTTP/1.1" 200 194 "-" "python-requests/2.24.0"
127.0.0.1 - - [30/Jul/2020:09:46:56 -0400] "GET /v0/templates/?active=1&fields=id&fields=name HTTP/1.1" 200 100 "-" "python-requests/2.24.0"
127.0.0.1 - - [30/Jul/2020:09:47:56 -0400] "GET /v0/plans/?active=1&fields=id&fields=name HTTP/1.1" 200 194 "-" "python-requests/2.24.0"
127.0.0.1 - - [30/Jul/2020:09:47:56 -0400] "GET /v0/templates/?active=1&fields=id&fields=name HTTP/1.1" 200 100 "-" "python-requests/2.24.0"
127.0.0.1 - - [30/Jul/2020:09:48:56 -0400] "GET /v0/plans/?active=1&fields=id&fields=name HTTP/1.1" 200 194 "-" "python-requests/2.24.0"
127.0.0.1 - - [30/Jul/2020:09:48:56 -0400] "GET /v0/templates/?active=1&fields=id&fields=name HTTP/1.1" 200 100 "-" "python-requests/2.24.0"
127.0.0.1 - - [30/Jul/2020:09:49:56 -0400] "GET /v0/plans/?active=1&fields=id&fields=name HTTP/1.1" 200 194 "-" "python-requests/2.24.0"
127.0.0.1 - - [30/Jul/2020:09:49:56 -0400] "GET /v0/templates/?active=1&fields=id&fields=name HTTP/1.1" 200 100 "-" "python-requests/2.24.0"
127.0.0.1 - - [30/Jul/2020:09:50:56 -0400] "GET /v0/plans/?active=1&fields=id&fields=name HTTP/1.1" 200 194 "-" "python-requests/2.24.0"
127.0.0.1 - - [30/Jul/2020:09:50:56 -0400] "GET /v0/templates/?active=1&fields=id&fields=name HTTP/1.1" 200 100 "-" "python-requests/2.24.0"
127.0.0.1 - - [30/Jul/2020:09:51:56 -0400] "GET /v0/plans/?active=1&fields=id&fields=name HTTP/1.1" 200 194 "-" "python-requests/2.24.0"
127.0.0.1 - - [30/Jul/2020:09:51:56 -0400] "GET /v0/templates/?active=1&fields=id&fields=name HTTP/1.1" 200 100 "-" "python-requests/2.24.0"
127.0.0.1 - - [30/Jul/2020:09:52:56 -0400] "GET /v0/plans/?active=1&fields=id&fields=name HTTP/1.1" 200 194 "-" "python-requests/2.24.0"
127.0.0.1 - - [30/Jul/2020:09:52:56 -0400] "GET /v0/templates/?active=1&fields=id&fields=name HTTP/1.1" 200 100 "-" "python-requests/2.24.0"
127.0.0.1 - - [30/Jul/2020:09:53:56 -0400] "GET /v0/plans/?active=1&fields=id&fields=name HTTP/1.1" 200 194 "-" "python-requests/2.24.0"
127.0.0.1 - - [30/Jul/2020:09:53:56 -0400] "GET /v0/templates/?active=1&fields=id&fields=name HTTP/1.1" 200 100 "-" "python-requests/2.24.0"
127.0.0.1 - - [30/Jul/2020:09:54:56 -0400] "GET /v0/plans/?active=1&fields=id&fields=name HTTP/1.1" 200 194 "-" "python-requests/2.24.0"
127.0.0.1 - - [30/Jul/2020:09:54:56 -0400] "GET /v0/templates/?active=1&fields=id&fields=name HTTP/1.1" 200 100 "-" "python-requests/2.24.0"
127.0.0.1 - - [30/Jul/2020:09:55:56 -0400] "GET /v0/plans/?active=1&fields=id&fields=name HTTP/1.1" 200 194 "-" "python-requests/2.24.0"
127.0.0.1 - - [30/Jul/2020:09:55:56 -0400] "GET /v0/templates/?active=1&fields=id&fields=name HTTP/1.1" 200 100 "-" "python-requests/2.24.0"
127.0.0.1 - - [30/Jul/2020:09:56:56 -0400] "GET /v0/plans/?active=1&fields=id&fields=name HTTP/1.1" 200 194 "-" "python-requests/2.24.0"
127.0.0.1 - - [30/Jul/2020:09:56:56 -0400] "GET /v0/templates/?active=1&fields=id&fields=name HTTP/1.1" 200 100 "-" "python-requests/2.24.0"
127.0.0.1 - - [30/Jul/2020:09:57:56 -0400] "GET /v0/plans/?active=1&fields=id&fields=name HTTP/1.1" 200 194 "-" "python-requests/2.24.0"
127.0.0.1 - - [30/Jul/2020:09:57:56 -0400] "GET /v0/templates/?active=1&fields=id&fields=name HTTP/1.1" 200 100 "-" "python-requests/2.24.0"
127.0.0.1 - - [30/Jul/2020:09:58:56 -0400] "GET /v0/plans/?active=1&fields=id&fields=name HTTP/1.1" 200 194 "-" "python-requests/2.24.0"
127.0.0.1 - - [30/Jul/2020:09:58:56 -0400] "GET /v0/templates/?active=1&fields=id&fields=name HTTP/1.1" 200 100 "-" "python-requests/2.24.0"
127.0.0.1 - - [30/Jul/2020:09:59:56 -0400] "GET /v0/plans/?active=1&fields=id&fields=name HTTP/1.1" 200 194 "-" "python-requests/2.24.0"
127.0.0.1 - - [30/Jul/2020:09:59:56 -0400] "GET /v0/templates/?active=1&fields=id&fields=name HTTP/1.1" 200 100 "-" "python-requests/2.24.0"
127.0.0.1 - - [30/Jul/2020:10:00:56 -0400] "GET /v0/plans/?active=1&fields=id&fields=name HTTP/1.1" 200 194 "-" "python-requests/2.24.0"
127.0.0.1 - - [30/Jul/2020:10:00:56 -0400] "GET /v0/templates/?active=1&fields=id&fields=name HTTP/1.1" 200 100 "-" "python-requests/2.24.0"
127.0.0.1 - - [30/Jul/2020:10:01:56 -0400] "GET /v0/plans/?active=1&fields=id&fields=name HTTP/1.1" 200 194 "-" "python-requests/2.24.0"
127.0.0.1 - - [30/Jul/2020:10:01:56 -0400] "GET /v0/templates/?active=1&fields=id&fields=name HTTP/1.1" 200 100 "-" "python-requests/2.24.0"
127.0.0.1 - - [30/Jul/2020:10:02:56 -0400] "GET /v0/plans/?active=1&fields=id&fields=name HTTP/1.1" 200 194 "-" "python-requests/2.24.0"
127.0.0.1 - - [30/Jul/2020:10:02:56 -0400] "GET /v0/templates/?active=1&fields=id&fields=name HTTP/1.1" 200 100 "-" "python-requests/2.24.0"
127.0.0.1 - - [30/Jul/2020:10:03:56 -0400] "GET /v0/plans/?active=1&fields=id&fields=name HTTP/1.1" 200 194 "-" "python-requests/2.24.0"
127.0.0.1 - - [30/Jul/2020:10:03:56 -0400] "GET /v0/templates/?active=1&fields=id&fields=name HTTP/1.1" 200 100 "-" "python-requests/2.24.0"
127.0.0.1 - - [30/Jul/2020:10:04:56 -0400] "GET /v0/plans/?active=1&fields=id&fields=name HTTP/1.1" 200 194 "-" "python-requests/2.24.0"
127.0.0.1 - - [30/Jul/2020:10:04:56 -0400] "GET /v0/templates/?active=1&fields=id&fields=name HTTP/1.1" 200 100 "-" "python-requests/2.24.0"
127.0.0.1 - - [30/Jul/2020:10:05:56 -0400] "GET /v0/plans/?active=1&fields=id&fields=name HTTP/1.1" 200 194 "-" "python-requests/2.24.0"
127.0.0.1 - - [30/Jul/2020:10:05:56 -0400] "GET /v0/templates/?active=1&fields=id&fields=name HTTP/1.1" 200 100 "-" "python-requests/2.24.0"
127.0.0.1 - - [30/Jul/2020:10:06:56 -0400] "GET /v0/plans/?active=1&fields=id&fields=name HTTP/1.1" 200 194 "-" "python-requests/2.24.0"
127.0.0.1 - - [30/Jul/2020:10:06:56 -0400] "GET /v0/templates/?active=1&fields=id&fields=name HTTP/1.1" 200 100 "-" "python-requests/2.24.0"
127.0.0.1 - - [30/Jul/2020:10:07:56 -0400] "GET /v0/plans/?active=1&fields=id&fields=name HTTP/1.1" 200 194 "-" "python-requests/2.24.0"
127.0.0.1 - - [30/Jul/2020:10:07:56 -0400] "GET /v0/templates/?active=1&fields=id&fields=name HTTP/1.1" 200 100 "-" "python-requests/2.24.0"
127.0.0.1 - - [30/Jul/2020:10:08:56 -0400] "GET /v0/plans/?active=1&fields=id&fields=name HTTP/1.1" 200 194 "-" "python-requests/2.24.0"
127.0.0.1 - - [30/Jul/2020:10:08:56 -0400] "GET /v0/templates/?active=1&fields=id&fields=name HTTP/1.1" 200 100 "-" "python-requests/2.24.0"
127.0.0.1 - - [30/Jul/2020:10:09:56 -0400] "GET /v0/plans/?active=1&fields=id&fields=name HTTP/1.1" 200 194 "-" "python-requests/2.24.0"
127.0.0.1 - - [30/Jul/2020:10:09:56 -0400] "GET /v0/templates/?active=1&fields=id&fields=name HTTP/1.1" 200 100 "-" "python-requests/2.24.0"
127.0.0.1 - - [30/Jul/2020:10:10:56 -0400] "GET /v0/plans/?active=1&fields=id&fields=name HTTP/1.1" 200 194 "-" "python-requests/2.24.0"
127.0.0.1 - - [30/Jul/2020:10:10:56 -0400] "GET /v0/templates/?active=1&fields=id&fields=name HTTP/1.1" 200 100 "-" "python-requests/2.24.0"
127.0.0.1 - - [30/Jul/2020:10:11:56 -0400] "GET /v0/plans/?active=1&fields=id&fields=name HTTP/1.1" 200 194 "-" "python-requests/2.24.0"
127.0.0.1 - - [30/Jul/2020:10:11:56 -0400] "GET /v0/templates/?active=1&fields=id&fields=name HTTP/1.1" 200 100 "-" "python-requests/2.24.0"
127.0.0.1 - - [30/Jul/2020:10:12:56 -0400] "GET /v0/plans/?active=1&fields=id&fields=name HTTP/1.1" 200 194 "-" "python-requests/2.24.0"
127.0.0.1 - - [30/Jul/2020:10:12:56 -0400] "GET /v0/templates/?active=1&fields=id&fields=name HTTP/1.1" 200 100 "-" "python-requests/2.24.0"
127.0.0.1 - - [30/Jul/2020:10:13:56 -0400] "GET /v0/plans/?active=1&fields=id&fields=name HTTP/1.1" 200 194 "-" "python-requests/2.24.0"
127.0.0.1 - - [30/Jul/2020:10:13:56 -0400] "GET /v0/templates/?active=1&fields=id&fields=name HTTP/1.1" 200 100 "-" "python-requests/2.24.0"
127.0.0.1 - - [30/Jul/2020:10:14:56 -0400] "GET /v0/plans/?active=1&fields=id&fields=name HTTP/1.1" 200 194 "-" "python-requests/2.24.0"
127.0.0.1 - - [30/Jul/2020:10:14:56 -0400] "GET /v0/templates/?active=1&fields=id&fields=name HTTP/1.1" 200 100 "-" "python-requests/2.24.0"
127.0.0.1 - - [30/Jul/2020:10:15:56 -0400] "GET /v0/plans/?active=1&fields=id&fields=name HTTP/1.1" 200 194 "-" "python-requests/2.24.0"
127.0.0.1 - - [30/Jul/2020:10:15:56 -0400] "GET /v0/templates/?active=1&fields=id&fields=name HTTP/1.1" 200 100 "-" "python-requests/2.24.0"
127.0.0.1 - - [30/Jul/2020:10:16:56 -0400] "GET /v0/plans/?active=1&fields=id&fields=name HTTP/1.1" 200 194 "-" "python-requests/2.24.0"
127.0.0.1 - - [30/Jul/2020:10:16:56 -0400] "GET /v0/templates/?active=1&fields=id&fields=name HTTP/1.1" 200 100 "-" "python-requests/2.24.0"
127.0.0.1 - - [30/Jul/2020:10:17:56 -0400] "GET /v0/plans/?active=1&fields=id&fields=name HTTP/1.1" 200 194 "-" "python-requests/2.24.0"
127.0.0.1 - - [30/Jul/2020:10:17:56 -0400] "GET /v0/templates/?active=1&fields=id&fields=name HTTP/1.1" 200 100 "-" "python-requests/2.24.0"
127.0.0.1 - - [30/Jul/2020:10:18:56 -0400] "GET /v0/plans/?active=1&fields=id&fields=name HTTP/1.1" 200 194 "-" "python-requests/2.24.0"
127.0.0.1 - - [30/Jul/2020:10:18:56 -0400] "GET /v0/templates/?active=1&fields=id&fields=name HTTP/1.1" 200 100 "-" "python-requests/2.24.0"
127.0.0.1 - - [30/Jul/2020:10:19:56 -0400] "GET /v0/plans/?active=1&fields=id&fields=name HTTP/1.1" 200 194 "-" "python-requests/2.24.0"
127.0.0.1 - - [30/Jul/2020:10:19:56 -0400] "GET /v0/templates/?active=1&fields=id&fields=name HTTP/1.1" 200 100 "-" "python-requests/2.24.0"
127.0.0.1 - - [30/Jul/2020:10:20:56 -0400] "GET /v0/plans/?active=1&fields=id&fields=name HTTP/1.1" 200 194 "-" "python-requests/2.24.0"
127.0.0.1 - - [30/Jul/2020:10:20:56 -0400] "GET /v0/templates/?active=1&fields=id&fields=name HTTP/1.1" 200 100 "-" "python-requests/2.24.0"
127.0.0.1 - - [30/Jul/2020:10:21:56 -0400] "GET /v0/plans/?active=1&fields=id&fields=name HTTP/1.1" 200 194 "-" "python-requests/2.24.0"
127.0.0.1 - - [30/Jul/2020:10:21:56 -0400] "GET /v0/templates/?active=1&fields=id&fields=name HTTP/1.1" 200 100 "-" "python-requests/2.24.0"
127.0.0.1 - - [30/Jul/2020:10:22:56 -0400] "GET /v0/plans/?active=1&fields=id&fields=name HTTP/1.1" 200 194 "-" "python-requests/2.24.0"
127.0.0.1 - - [30/Jul/2020:10:22:56 -0400] "GET /v0/templates/?active=1&fields=id&fields=name HTTP/1.1" 200 100 "-" "python-requests/2.24.0"
127.0.0.1 - - [30/Jul/2020:10:23:56 -0400] "GET /v0/plans/?active=1&fields=id&fields=name HTTP/1.1" 200 194 "-" "python-requests/2.24.0"
127.0.0.1 - - [30/Jul/2020:10:23:56 -0400] "GET /v0/templates/?active=1&fields=id&fields=name HTTP/1.1" 200 100 "-" "python-requests/2.24.0"
127.0.0.1 - - [30/Jul/2020:10:24:56 -0400] "GET /v0/plans/?active=1&fields=id&fields=name HTTP/1.1" 200 194 "-" "python-requests/2.24.0"
127.0.0.1 - - [30/Jul/2020:10:24:56 -0400] "GET /v0/templates/?active=1&fields=id&fields=name HTTP/1.1" 200 100 "-" "python-requests/2.24.0"
127.0.0.1 - - [30/Jul/2020:10:25:56 -0400] "GET /v0/plans/?active=1&fields=id&fields=name HTTP/1.1" 200 194 "-" "python-requests/2.24.0"
127.0.0.1 - - [30/Jul/2020:10:25:56 -0400] "GET /v0/templates/?active=1&fields=id&fields=name HTTP/1.1" 200 100 "-" "python-requests/2.24.0"
127.0.0.1 - - [30/Jul/2020:10:26:56 -0400] "GET /v0/plans/?active=1&fields=id&fields=name HTTP/1.1" 200 194 "-" "python-requests/2.24.0"
127.0.0.1 - - [30/Jul/2020:10:26:56 -0400] "GET /v0/templates/?active=1&fields=id&fields=name HTTP/1.1" 200 100 "-" "python-requests/2.24.0"
127.0.0.1 - - [30/Jul/2020:10:27:56 -0400] "GET /v0/plans/?active=1&fields=id&fields=name HTTP/1.1" 200 194 "-" "python-requests/2.24.0"
127.0.0.1 - - [30/Jul/2020:10:27:56 -0400] "GET /v0/templates/?active=1&fields=id&fields=name HTTP/1.1" 200 100 "-" "python-requests/2.24.0"
127.0.0.1 - - [30/Jul/2020:10:28:56 -0400] "GET /v0/plans/?active=1&fields=id&fields=name HTTP/1.1" 200 194 "-" "python-requests/2.24.0"
127.0.0.1 - - [30/Jul/2020:10:28:56 -0400] "GET /v0/templates/?active=1&fields=id&fields=name HTTP/1.1" 200 100 "-" "python-requests/2.24.0"
127.0.0.1 - - [30/Jul/2020:10:29:56 -0400] "GET /v0/plans/?active=1&fields=id&fields=name HTTP/1.1" 200 194 "-" "python-requests/2.24.0"
127.0.0.1 - - [30/Jul/2020:10:29:56 -0400] "GET /v0/templates/?active=1&fields=id&fields=name HTTP/1.1" 200 100 "-" "python-requests/2.24.0"
127.0.0.1 - - [30/Jul/2020:10:30:56 -0400] "GET /v0/plans/?active=1&fields=id&fields=name HTTP/1.1" 200 194 "-" "python-requests/2.24.0"
127.0.0.1 - - [30/Jul/2020:10:30:56 -0400] "GET /v0/templates/?active=1&fields=id&fields=name HTTP/1.1" 200 100 "-" "python-requests/2.24.0"
127.0.0.1 - - [30/Jul/2020:10:31:56 -0400] "GET /v0/plans/?active=1&fields=id&fields=name HTTP/1.1" 200 194 "-" "python-requests/2.24.0"
127.0.0.1 - - [30/Jul/2020:10:31:56 -0400] "GET /v0/templates/?active=1&fields=id&fields=name HTTP/1.1" 200 100 "-" "python-requests/2.24.0"
127.0.0.1 - - [30/Jul/2020:10:32:56 -0400] "GET /v0/plans/?active=1&fields=id&fields=name HTTP/1.1" 200 194 "-" "python-requests/2.24.0"
127.0.0.1 - - [30/Jul/2020:10:32:56 -0400] "GET /v0/templates/?active=1&fields=id&fields=name HTTP/1.1" 200 100 "-" "python-requests/2.24.0"
127.0.0.1 - - [30/Jul/2020:10:33:56 -0400] "GET /v0/plans/?active=1&fields=id&fields=name HTTP/1.1" 200 194 "-" "python-requests/2.24.0"
127.0.0.1 - - [30/Jul/2020:10:33:56 -0400] "GET /v0/templates/?active=1&fields=id&fields=name HTTP/1.1" 200 100 "-" "python-requests/2.24.0"
127.0.0.1 - - [30/Jul/2020:10:34:56 -0400] "GET /v0/plans/?active=1&fields=id&fields=name HTTP/1.1" 200 194 "-" "python-requests/2.24.0"
127.0.0.1 - - [30/Jul/2020:10:34:56 -0400] "GET /v0/templates/?active=1&fields=id&fields=name HTTP/1.1" 200 100 "-" "python-requests/2.24.0"
127.0.0.1 - - [30/Jul/2020:10:35:56 -0400] "GET /v0/plans/?active=1&fields=id&fields=name HTTP/1.1" 200 194 "-" "python-requests/2.24.0"
127.0.0.1 - - [30/Jul/2020:10:35:56 -0400] "GET /v0/templates/?active=1&fields=id&fields=name HTTP/1.1" 200 100 "-" "python-requests/2.24.0"
127.0.0.1 - - [30/Jul/2020:10:36:56 -0400] "GET /v0/plans/?active=1&fields=id&fields=name HTTP/1.1" 200 194 "-" "python-requests/2.24.0"
127.0.0.1 - - [30/Jul/2020:10:36:56 -0400] "GET /v0/templates/?active=1&fields=id&fields=name HTTP/1.1" 200 100 "-" "python-requests/2.24.0"
127.0.0.1 - - [30/Jul/2020:10:37:56 -0400] "GET /v0/plans/?active=1&fields=id&fields=name HTTP/1.1" 200 194 "-" "python-requests/2.24.0"
127.0.0.1 - - [30/Jul/2020:10:37:56 -0400] "GET /v0/templates/?active=1&fields=id&fields=name HTTP/1.1" 200 100 "-" "python-requests/2.24.0"
127.0.0.1 - - [30/Jul/2020:10:38:56 -0400] "GET /v0/plans/?active=1&fields=id&fields=name HTTP/1.1" 200 194 "-" "python-requests/2.24.0"
127.0.0.1 - - [30/Jul/2020:10:38:56 -0400] "GET /v0/templates/?active=1&fields=id&fields=name HTTP/1.1" 200 100 "-" "python-requests/2.24.0"
127.0.0.1 - - [30/Jul/2020:10:39:56 -0400] "GET /v0/plans/?active=1&fields=id&fields=name HTTP/1.1" 200 194 "-" "python-requests/2.24.0"
127.0.0.1 - - [30/Jul/2020:10:39:56 -0400] "GET /v0/templates/?active=1&fields=id&fields=name HTTP/1.1" 200 100 "-" "python-requests/2.24.0"
127.0.0.1 - - [30/Jul/2020:10:40:56 -0400] "GET /v0/plans/?active=1&fields=id&fields=name HTTP/1.1" 200 194 "-" "python-requests/2.24.0"
127.0.0.1 - - [30/Jul/2020:10:40:56 -0400] "GET /v0/templates/?active=1&fields=id&fields=name HTTP/1.1" 200 100 "-" "python-requests/2.24.0"
127.0.0.1 - - [30/Jul/2020:10:41:56 -0400] "GET /v0/plans/?active=1&fields=id&fields=name HTTP/1.1" 200 194 "-" "python-requests/2.24.0"
127.0.0.1 - - [30/Jul/2020:10:41:56 -0400] "GET /v0/templates/?active=1&fields=id&fields=name HTTP/1.1" 200 100 "-" "python-requests/2.24.0"
127.0.0.1 - - [30/Jul/2020:10:42:56 -0400] "GET /v0/plans/?active=1&fields=id&fields=name HTTP/1.1" 200 194 "-" "python-requests/2.24.0"
127.0.0.1 - - [30/Jul/2020:10:42:56 -0400] "GET /v0/templates/?active=1&fields=id&fields=name HTTP/1.1" 200 100 "-" "python-requests/2.24.0"
127.0.0.1 - - [30/Jul/2020:10:43:56 -0400] "GET /v0/plans/?active=1&fields=id&fields=name HTTP/1.1" 200 194 "-" "python-requests/2.24.0"
127.0.0.1 - - [30/Jul/2020:10:43:56 -0400] "GET /v0/templates/?active=1&fields=id&fields=name HTTP/1.1" 200 100 "-" "python-requests/2.24.0"
127.0.0.1 - - [30/Jul/2020:10:44:56 -0400] "GET /v0/plans/?active=1&fields=id&fields=name HTTP/1.1" 200 194 "-" "python-requests/2.24.0"
127.0.0.1 - - [30/Jul/2020:10:44:56 -0400] "GET /v0/templates/?active=1&fields=id&fields=name HTTP/1.1" 200 100 "-" "python-requests/2.24.0"
127.0.0.1 - - [30/Jul/2020:10:45:56 -0400] "GET /v0/plans/?active=1&fields=id&fields=name HTTP/1.1" 200 194 "-" "python-requests/2.24.0"
127.0.0.1 - - [30/Jul/2020:10:45:56 -0400] "GET /v0/templates/?active=1&fields=id&fields=name HTTP/1.1" 200 100 "-" "python-requests/2.24.0"
127.0.0.1 - - [30/Jul/2020:10:46:56 -0400] "GET /v0/plans/?active=1&fields=id&fields=name HTTP/1.1" 200 194 "-" "python-requests/2.24.0"
127.0.0.1 - - [30/Jul/2020:10:46:56 -0400] "GET /v0/templates/?active=1&fields=id&fields=name HTTP/1.1" 200 100 "-" "python-requests/2.24.0"
127.0.0.1 - - [30/Jul/2020:10:47:56 -0400] "GET /v0/plans/?active=1&fields=id&fields=name HTTP/1.1" 200 194 "-" "python-requests/2.24.0"
127.0.0.1 - - [30/Jul/2020:10:47:56 -0400] "GET /v0/templates/?active=1&fields=id&fields=name HTTP/1.1" 200 100 "-" "python-requests/2.24.0"
127.0.0.1 - - [30/Jul/2020:10:48:56 -0400] "GET /v0/plans/?active=1&fields=id&fields=name HTTP/1.1" 200 194 "-" "python-requests/2.24.0"
127.0.0.1 - - [30/Jul/2020:10:48:56 -0400] "GET /v0/templates/?active=1&fields=id&fields=name HTTP/1.1" 200 100 "-" "python-requests/2.24.0"
iris-dev ./configs/config.dev.yaml
[2020-07-31 01:11:53 -0400] [3032] [INFO] Starting gunicorn 20.0.4
[2020-07-31 01:11:53 -0400] [3032] [INFO] Listening at: http://0.0.0.0:16649 (3032)
[2020-07-31 01:11:53 -0400] [3032] [INFO] Using worker: gevent
[2020-07-31 01:11:53 -0400] [3035] [INFO] Booting worker with pid: 3035
[2020-07-31 01:11:54 -0400] [3035] [INFO] iris.api Not using ZK to get senders. Using host ('127.0.0.1', 2321) for master instead.
[2020-07-31 01:11:54 -0400] [3035] [INFO] iris.ui Web asset root: "/home/osboxes/iris/src/iris/ui"
[2020-07-31 01:11:54 -0400] [3035] [INFO] iris.ui Building bundle: bundles/jquery.libs.js
[2020-07-31 01:11:54 -0400] [3035] [INFO] iris.ui Building bundle: bundles/bootstrap.libs.js
[2020-07-31 01:11:54 -0400] [3035] [INFO] iris.ui Building bundle: bundles/iris.js
[2020-07-31 01:11:54 -0400] [3035] [INFO] iris.ui Building bundle: bundles/libs.css
[2020-07-31 01:11:54 -0400] [3035] [INFO] iris.ui Building bundle: bundles/iris.css
[2020-07-31 01:12:00 -0400] [3032] [INFO] Handling signal: int
[2020-07-31 01:12:00 -0400] [3035] [INFO] Worker exiting (pid: 3035)
[2020-07-31 01:12:00 -0400] [3032] [INFO] Shutting down: Master
iris-dev ./configs/config.dev.yaml
[2020-07-31 01:12:12 -0400] [3040] [INFO] Starting gunicorn 20.0.4
[2020-07-31 01:12:12 -0400] [3040] [INFO] Listening at: http://0.0.0.0:16649 (3040)
[2020-07-31 01:12:12 -0400] [3040] [INFO] Using worker: gevent
[2020-07-31 01:12:12 -0400] [3043] [INFO] Booting worker with pid: 3043
[2020-07-31 01:12:12 -0400] [3043] [INFO] iris.api Not using ZK to get senders. Using host ('127.0.0.1', 2321) for master instead.
[2020-07-31 01:12:13 -0400] [3043] [INFO] iris.ui Web asset root: "/home/osboxes/iris/src/iris/ui"
[2020-07-31 01:12:13 -0400] [3043] [INFO] iris.ui Building bundle: bundles/jquery.libs.js
[2020-07-31 01:12:13 -0400] [3043] [INFO] iris.ui Building bundle: bundles/bootstrap.libs.js
[2020-07-31 01:12:13 -0400] [3043] [INFO] iris.ui Building bundle: bundles/iris.js
[2020-07-31 01:12:13 -0400] [3043] [INFO] iris.ui Building bundle: bundles/libs.css
[2020-07-31 01:12:13 -0400] [3043] [INFO] iris.ui Building bundle: bundles/iris.css
127.0.0.1 - - [31/Jul/2020:01:12:55 -0400] "GET /v0/targets HTTP/1.1" 200 43 "-" "curl/7.29.0"
192.168.1.2 - - [31/Jul/2020:01:13:30 -0400] "GET / HTTP/1.1" 302 0 "-" "Mozilla/5.0 (Macintosh; Intel Mac OS X 10_15_5) AppleWebKit/537.36 (KHTML, like Gecko) Chrome/84.0.4147.89 Safari/537.36"
127.0.0.1 - - [31/Jul/2020:01:13:30 -0400] "GET /v0/applications HTTP/1.1" 200 3107 "-" "python-requests/2.24.0"
192.168.1.2 - - [31/Jul/2020:01:13:30 -0400] "GET /incidents HTTP/1.1" 200 15144 "-" "Mozilla/5.0 (Macintosh; Intel Mac OS X 10_15_5) AppleWebKit/537.36 (KHTML, like Gecko) Chrome/84.0.4147.89 Safari/537.36"
192.168.1.2 - - [31/Jul/2020:01:13:31 -0400] "GET /static/bundles/iris.css?49116668 HTTP/1.1" 200 0 "http://192.168.1.6:16649/incidents" "Mozilla/5.0 (Macintosh; Intel Mac OS X 10_15_5) AppleWebKit/537.36 (KHTML, like Gecko) Chrome/84.0.4147.89 Safari/537.36"
192.168.1.2 - - [31/Jul/2020:01:13:31 -0400] "GET /static/bundles/libs.css?126f96b3 HTTP/1.1" 200 0 "http://192.168.1.6:16649/incidents" "Mozilla/5.0 (Macintosh; Intel Mac OS X 10_15_5) AppleWebKit/537.36 (KHTML, like Gecko) Chrome/84.0.4147.89 Safari/537.36"
192.168.1.2 - - [31/Jul/2020:01:13:31 -0400] "GET /static/bundles/bootstrap.libs.js?b9542e11 HTTP/1.1" 200 0 "http://192.168.1.6:16649/incidents" "Mozilla/5.0 (Macintosh; Intel Mac OS X 10_15_5) AppleWebKit/537.36 (KHTML, like Gecko) Chrome/84.0.4147.89 Safari/537.36"
192.168.1.2 - - [31/Jul/2020:01:13:31 -0400] "GET /static/bundles/jquery.libs.js?5abce2e8 HTTP/1.1" 200 0 "http://192.168.1.6:16649/incidents" "Mozilla/5.0 (Macintosh; Intel Mac OS X 10_15_5) AppleWebKit/537.36 (KHTML, like Gecko) Chrome/84.0.4147.89 Safari/537.36"
192.168.1.2 - - [31/Jul/2020:01:13:31 -0400] "GET /static/images/chevron-down.png HTTP/1.1" 200 0 "http://192.168.1.6:16649/static/bundles/iris.css?49116668" "Mozilla/5.0 (Macintosh; Intel Mac OS X 10_15_5) AppleWebKit/537.36 (KHTML, like Gecko) Chrome/84.0.4147.89 Safari/537.36"
192.168.1.2 - - [31/Jul/2020:01:13:31 -0400] "GET /static/images/iris.png HTTP/1.1" 200 0 "http://192.168.1.6:16649/incidents" "Mozilla/5.0 (Macintosh; Intel Mac OS X 10_15_5) AppleWebKit/537.36 (KHTML, like Gecko) Chrome/84.0.4147.89 Safari/537.36"
192.168.1.2 - - [31/Jul/2020:01:13:31 -0400] "GET /static/bundles/iris.js?4678675e HTTP/1.1" 200 0 "http://192.168.1.6:16649/incidents" "Mozilla/5.0 (Macintosh; Intel Mac OS X 10_15_5) AppleWebKit/537.36 (KHTML, like Gecko) Chrome/84.0.4147.89 Safari/537.36"
192.168.1.2 - - [31/Jul/2020:01:13:31 -0400] "GET /v0/incidents/?target=demo&created__ge=1596085980&active=1&fields=id&fields=owner&fields=application&fields=plan&fields=plan_id&fields=created&fields=updated&fields=active&fields=current_step&limit=500 HTTP/1.1" 200 2 "http://192.168.1.6:16649/incidents" "Mozilla/5.0 (Macintosh; Intel Mac OS X 10_15_5) AppleWebKit/537.36 (KHTML, like Gecko) Chrome/84.0.4147.89 Safari/537.36"
192.168.1.2 - - [31/Jul/2020:01:13:31 -0400] "GET /static/images/sprite-green.png HTTP/1.1" 200 0 "http://192.168.1.6:16649/static/bundles/iris.css?49116668" "Mozilla/5.0 (Macintosh; Intel Mac OS X 10_15_5) AppleWebKit/537.36 (KHTML, like Gecko) Chrome/84.0.4147.89 Safari/537.36"
Aborting response due to origin not allowed
[2020-07-31 01:13:32 -0400] [3043] [INFO] falcon_cors Aborting response due to origin not allowed
192.168.1.2 - - [31/Jul/2020:01:13:32 -0400] "GET /static/fonts/glyphicons-halflings-regular.woff2 HTTP/1.1" 200 0 "http://192.168.1.6:16649/static/bundles/libs.css?126f96b3" "Mozilla/5.0 (Macintosh; Intel Mac OS X 10_15_5) AppleWebKit/537.36 (KHTML, like Gecko) Chrome/84.0.4147.89 Safari/537.36"
192.168.1.2 - - [31/Jul/2020:01:13:32 -0400] "GET /v0/targets/user?startswith=demo&active=1 HTTP/1.1" 200 8 "http://192.168.1.6:16649/incidents" "Mozilla/5.0 (Macintosh; Intel Mac OS X 10_15_5) AppleWebKit/537.36 (KHTML, like Gecko) Chrome/84.0.4147.89 Safari/537.36"
192.168.1.2 - - [31/Jul/2020:01:13:37 -0400] "GET /plans/ HTTP/1.1" 200 6086 "http://192.168.1.6:16649/incidents" "Mozilla/5.0 (Macintosh; Intel Mac OS X 10_15_5) AppleWebKit/537.36 (KHTML, like Gecko) Chrome/84.0.4147.89 Safari/537.36"
192.168.1.2 - - [31/Jul/2020:01:13:37 -0400] "GET /static/bundles/iris.css?49116668 HTTP/1.1" 200 0 "http://192.168.1.6:16649/plans/" "Mozilla/5.0 (Macintosh; Intel Mac OS X 10_15_5) AppleWebKit/537.36 (KHTML, like Gecko) Chrome/84.0.4147.89 Safari/537.36"
192.168.1.2 - - [31/Jul/2020:01:13:38 -0400] "GET /static/bundles/libs.css?126f96b3 HTTP/1.1" 200 0 "http://192.168.1.6:16649/plans/" "Mozilla/5.0 (Macintosh; Intel Mac OS X 10_15_5) AppleWebKit/537.36 (KHTML, like Gecko) Chrome/84.0.4147.89 Safari/537.36"
192.168.1.2 - - [31/Jul/2020:01:13:38 -0400] "GET /static/bundles/bootstrap.libs.js?b9542e11 HTTP/1.1" 200 0 "http://192.168.1.6:16649/plans/" "Mozilla/5.0 (Macintosh; Intel Mac OS X 10_15_5) AppleWebKit/537.36 (KHTML, like Gecko) Chrome/84.0.4147.89 Safari/537.36"
192.168.1.2 - - [31/Jul/2020:01:13:38 -0400] "GET /static/bundles/iris.js?4678675e HTTP/1.1" 200 0 "http://192.168.1.6:16649/plans/" "Mozilla/5.0 (Macintosh; Intel Mac OS X 10_15_5) AppleWebKit/537.36 (KHTML, like Gecko) Chrome/84.0.4147.89 Safari/537.36"
192.168.1.2 - - [31/Jul/2020:01:13:38 -0400] "GET /static/images/iris.png HTTP/1.1" 200 0 "http://192.168.1.6:16649/plans/" "Mozilla/5.0 (Macintosh; Intel Mac OS X 10_15_5) AppleWebKit/537.36 (KHTML, like Gecko) Chrome/84.0.4147.89 Safari/537.36"
192.168.1.2 - - [31/Jul/2020:01:13:38 -0400] "GET /static/bundles/jquery.libs.js?5abce2e8 HTTP/1.1" 200 0 "http://192.168.1.6:16649/plans/" "Mozilla/5.0 (Macintosh; Intel Mac OS X 10_15_5) AppleWebKit/537.36 (KHTML, like Gecko) Chrome/84.0.4147.89 Safari/537.36"
192.168.1.2 - - [31/Jul/2020:01:13:38 -0400] "GET /v0/plans?active=1&limit=500 HTTP/1.1" 200 1459 "http://192.168.1.6:16649/plans/" "Mozilla/5.0 (Macintosh; Intel Mac OS X 10_15_5) AppleWebKit/537.36 (KHTML, like Gecko) Chrome/84.0.4147.89 Safari/537.36"
192.168.1.2 - - [31/Jul/2020:01:13:38 -0400] "GET /static/images/chevron-down.png HTTP/1.1" 200 0 "http://192.168.1.6:16649/static/bundles/iris.css?49116668" "Mozilla/5.0 (Macintosh; Intel Mac OS X 10_15_5) AppleWebKit/537.36 (KHTML, like Gecko) Chrome/84.0.4147.89 Safari/537.36"
Aborting response due to origin not allowed
[2020-07-31 01:13:38 -0400] [3043] [INFO] falcon_cors Aborting response due to origin not allowed
192.168.1.2 - - [31/Jul/2020:01:13:38 -0400] "GET /static/fonts/glyphicons-halflings-regular.woff2 HTTP/1.1" 200 0 "http://192.168.1.6:16649/static/bundles/libs.css?126f96b3" "Mozilla/5.0 (Macintosh; Intel Mac OS X 10_15_5) AppleWebKit/537.36 (KHTML, like Gecko) Chrome/84.0.4147.89 Safari/537.36"
192.168.1.2 - - [31/Jul/2020:01:31:17 -0400] "GET / HTTP/1.1" 302 0 "-" "Mozilla/5.0 (Macintosh; Intel Mac OS X 10_15_5) AppleWebKit/537.36 (KHTML, like Gecko) Chrome/84.0.4147.89 Safari/537.36"
127.0.0.1 - - [31/Jul/2020:01:31:17 -0400] "GET /v0/applications HTTP/1.1" 200 3107 "-" "python-requests/2.24.0"
192.168.1.2 - - [31/Jul/2020:01:31:17 -0400] "GET /incidents HTTP/1.1" 200 15144 "-" "Mozilla/5.0 (Macintosh; Intel Mac OS X 10_15_5) AppleWebKit/537.36 (KHTML, like Gecko) Chrome/84.0.4147.89 Safari/537.36"
192.168.1.2 - - [31/Jul/2020:01:31:17 -0400] "GET /static/bundles/iris.css?49116668 HTTP/1.1" 200 0 "http://192.168.1.6:16649/incidents" "Mozilla/5.0 (Macintosh; Intel Mac OS X 10_15_5) AppleWebKit/537.36 (KHTML, like Gecko) Chrome/84.0.4147.89 Safari/537.36"
192.168.1.2 - - [31/Jul/2020:01:31:17 -0400] "GET /static/bundles/libs.css?126f96b3 HTTP/1.1" 200 0 "http://192.168.1.6:16649/incidents" "Mozilla/5.0 (Macintosh; Intel Mac OS X 10_15_5) AppleWebKit/537.36 (KHTML, like Gecko) Chrome/84.0.4147.89 Safari/537.36"
192.168.1.2 - - [31/Jul/2020:01:31:18 -0400] "GET /static/bundles/jquery.libs.js?5abce2e8 HTTP/1.1" 200 0 "http://192.168.1.6:16649/incidents" "Mozilla/5.0 (Macintosh; Intel Mac OS X 10_15_5) AppleWebKit/537.36 (KHTML, like Gecko) Chrome/84.0.4147.89 Safari/537.36"
192.168.1.2 - - [31/Jul/2020:01:31:18 -0400] "GET /static/images/iris.png HTTP/1.1" 200 0 "http://192.168.1.6:16649/incidents" "Mozilla/5.0 (Macintosh; Intel Mac OS X 10_15_5) AppleWebKit/537.36 (KHTML, like Gecko) Chrome/84.0.4147.89 Safari/537.36"
192.168.1.2 - - [31/Jul/2020:01:31:18 -0400] "GET /static/bundles/iris.js?4678675e HTTP/1.1" 200 0 "http://192.168.1.6:16649/incidents" "Mozilla/5.0 (Macintosh; Intel Mac OS X 10_15_5) AppleWebKit/537.36 (KHTML, like Gecko) Chrome/84.0.4147.89 Safari/537.36"
192.168.1.2 - - [31/Jul/2020:01:31:18 -0400] "GET /static/bundles/bootstrap.libs.js?b9542e11 HTTP/1.1" 200 0 "http://192.168.1.6:16649/incidents" "Mozilla/5.0 (Macintosh; Intel Mac OS X 10_15_5) AppleWebKit/537.36 (KHTML, like Gecko) Chrome/84.0.4147.89 Safari/537.36"
192.168.1.2 - - [31/Jul/2020:01:31:18 -0400] "GET /static/images/chevron-down.png HTTP/1.1" 200 0 "http://192.168.1.6:16649/static/bundles/iris.css?49116668" "Mozilla/5.0 (Macintosh; Intel Mac OS X 10_15_5) AppleWebKit/537.36 (KHTML, like Gecko) Chrome/84.0.4147.89 Safari/537.36"
192.168.1.2 - - [31/Jul/2020:01:31:18 -0400] "GET /v0/incidents/?target=demo&created__ge=1596087060&active=1&fields=id&fields=owner&fields=application&fields=plan&fields=plan_id&fields=created&fields=updated&fields=active&fields=current_step&limit=500 HTTP/1.1" 200 2 "http://192.168.1.6:16649/incidents" "Mozilla/5.0 (Macintosh; Intel Mac OS X 10_15_5) AppleWebKit/537.36 (KHTML, like Gecko) Chrome/84.0.4147.89 Safari/537.36"
192.168.1.2 - - [31/Jul/2020:01:31:18 -0400] "GET /static/images/sprite-green.png HTTP/1.1" 200 0 "http://192.168.1.6:16649/static/bundles/iris.css?49116668" "Mozilla/5.0 (Macintosh; Intel Mac OS X 10_15_5) AppleWebKit/537.36 (KHTML, like Gecko) Chrome/84.0.4147.89 Safari/537.36"
Aborting response due to origin not allowed
[2020-07-31 01:31:19 -0400] [3043] [INFO] falcon_cors Aborting response due to origin not allowed
192.168.1.2 - - [31/Jul/2020:01:31:19 -0400] "GET /static/fonts/glyphicons-halflings-regular.woff2 HTTP/1.1" 200 0 "http://192.168.1.6:16649/static/bundles/libs.css?126f96b3" "Mozilla/5.0 (Macintosh; Intel Mac OS X 10_15_5) AppleWebKit/537.36 (KHTML, like Gecko) Chrome/84.0.4147.89 Safari/537.36"
192.168.1.2 - - [31/Jul/2020:01:31:19 -0400] "GET /v0/targets/user?startswith=demo&active=1 HTTP/1.1" 200 8 "http://192.168.1.6:16649/incidents" "Mozilla/5.0 (Macintosh; Intel Mac OS X 10_15_5) AppleWebKit/537.36 (KHTML, like Gecko) Chrome/84.0.4147.89 Safari/537.36"
192.168.1.2 - - [31/Jul/2020:01:31:21 -0400] "GET /plans/ HTTP/1.1" 200 6086 "http://192.168.1.6:16649/incidents" "Mozilla/5.0 (Macintosh; Intel Mac OS X 10_15_5) AppleWebKit/537.36 (KHTML, like Gecko) Chrome/84.0.4147.89 Safari/537.36"
192.168.1.2 - - [31/Jul/2020:01:31:22 -0400] "GET /static/bundles/iris.css?49116668 HTTP/1.1" 200 0 "http://192.168.1.6:16649/plans/" "Mozilla/5.0 (Macintosh; Intel Mac OS X 10_15_5) AppleWebKit/537.36 (KHTML, like Gecko) Chrome/84.0.4147.89 Safari/537.36"
192.168.1.2 - - [31/Jul/2020:01:31:22 -0400] "GET /static/bundles/bootstrap.libs.js?b9542e11 HTTP/1.1" 200 0 "http://192.168.1.6:16649/plans/" "Mozilla/5.0 (Macintosh; Intel Mac OS X 10_15_5) AppleWebKit/537.36 (KHTML, like Gecko) Chrome/84.0.4147.89 Safari/537.36"
192.168.1.2 - - [31/Jul/2020:01:31:22 -0400] "GET /static/bundles/libs.css?126f96b3 HTTP/1.1" 200 0 "http://192.168.1.6:16649/plans/" "Mozilla/5.0 (Macintosh; Intel Mac OS X 10_15_5) AppleWebKit/537.36 (KHTML, like Gecko) Chrome/84.0.4147.89 Safari/537.36"
192.168.1.2 - - [31/Jul/2020:01:31:22 -0400] "GET /static/bundles/jquery.libs.js?5abce2e8 HTTP/1.1" 200 0 "http://192.168.1.6:16649/plans/" "Mozilla/5.0 (Macintosh; Intel Mac OS X 10_15_5) AppleWebKit/537.36 (KHTML, like Gecko) Chrome/84.0.4147.89 Safari/537.36"
192.168.1.2 - - [31/Jul/2020:01:31:22 -0400] "GET /static/images/iris.png HTTP/1.1" 200 0 "http://192.168.1.6:16649/plans/" "Mozilla/5.0 (Macintosh; Intel Mac OS X 10_15_5) AppleWebKit/537.36 (KHTML, like Gecko) Chrome/84.0.4147.89 Safari/537.36"
192.168.1.2 - - [31/Jul/2020:01:31:22 -0400] "GET /static/bundles/iris.js?4678675e HTTP/1.1" 200 0 "http://192.168.1.6:16649/plans/" "Mozilla/5.0 (Macintosh; Intel Mac OS X 10_15_5) AppleWebKit/537.36 (KHTML, like Gecko) Chrome/84.0.4147.89 Safari/537.36"
192.168.1.2 - - [31/Jul/2020:01:31:22 -0400] "GET /v0/plans?active=1&limit=500 HTTP/1.1" 200 1459 "http://192.168.1.6:16649/plans/" "Mozilla/5.0 (Macintosh; Intel Mac OS X 10_15_5) AppleWebKit/537.36 (KHTML, like Gecko) Chrome/84.0.4147.89 Safari/537.36"
192.168.1.2 - - [31/Jul/2020:01:31:22 -0400] "GET /static/images/chevron-down.png HTTP/1.1" 200 0 "http://192.168.1.6:16649/static/bundles/iris.css?49116668" "Mozilla/5.0 (Macintosh; Intel Mac OS X 10_15_5) AppleWebKit/537.36 (KHTML, like Gecko) Chrome/84.0.4147.89 Safari/537.36"
Aborting response due to origin not allowed
[2020-07-31 01:31:22 -0400] [3043] [INFO] falcon_cors Aborting response due to origin not allowed
192.168.1.2 - - [31/Jul/2020:01:31:22 -0400] "GET /static/fonts/glyphicons-halflings-regular.woff2 HTTP/1.1" 200 0 "http://192.168.1.6:16649/static/bundles/libs.css?126f96b3" "Mozilla/5.0 (Macintosh; Intel Mac OS X 10_15_5) AppleWebKit/537.36 (KHTML, like Gecko) Chrome/84.0.4147.89 Safari/537.36"
127.0.0.1 - - [31/Jul/2020:01:31:23 -0400] "GET /v0/target_roles HTTP/1.1" 200 176 "-" "python-requests/2.24.0"
127.0.0.1 - - [31/Jul/2020:01:31:23 -0400] "GET /v0/priorities HTTP/1.1" 200 157 "-" "python-requests/2.24.0"
127.0.0.1 - - [31/Jul/2020:01:31:23 -0400] "GET /v0/templates HTTP/1.1" 200 329 "-" "python-requests/2.24.0"
127.0.0.1 - - [31/Jul/2020:01:31:23 -0400] "GET /v0/applications HTTP/1.1" 200 3107 "-" "python-requests/2.24.0"
192.168.1.2 - - [31/Jul/2020:01:31:23 -0400] "GET /plans/new HTTP/1.1" 200 28102 "http://192.168.1.6:16649/plans/" "Mozilla/5.0 (Macintosh; Intel Mac OS X 10_15_5) AppleWebKit/537.36 (KHTML, like Gecko) Chrome/84.0.4147.89 Safari/537.36"
192.168.1.2 - - [31/Jul/2020:01:31:23 -0400] "GET /static/bundles/libs.css?126f96b3 HTTP/1.1" 200 0 "http://192.168.1.6:16649/plans/new" "Mozilla/5.0 (Macintosh; Intel Mac OS X 10_15_5) AppleWebKit/537.36 (KHTML, like Gecko) Chrome/84.0.4147.89 Safari/537.36"
192.168.1.2 - - [31/Jul/2020:01:31:24 -0400] "GET /static/bundles/iris.css?49116668 HTTP/1.1" 200 0 "http://192.168.1.6:16649/plans/new" "Mozilla/5.0 (Macintosh; Intel Mac OS X 10_15_5) AppleWebKit/537.36 (KHTML, like Gecko) Chrome/84.0.4147.89 Safari/537.36"
192.168.1.2 - - [31/Jul/2020:01:31:24 -0400] "GET /static/images/iris.png HTTP/1.1" 200 0 "http://192.168.1.6:16649/plans/new" "Mozilla/5.0 (Macintosh; Intel Mac OS X 10_15_5) AppleWebKit/537.36 (KHTML, like Gecko) Chrome/84.0.4147.89 Safari/537.36"
192.168.1.2 - - [31/Jul/2020:01:31:24 -0400] "GET /static/bundles/iris.js?4678675e HTTP/1.1" 200 0 "http://192.168.1.6:16649/plans/new" "Mozilla/5.0 (Macintosh; Intel Mac OS X 10_15_5) AppleWebKit/537.36 (KHTML, like Gecko) Chrome/84.0.4147.89 Safari/537.36"
192.168.1.2 - - [31/Jul/2020:01:31:24 -0400] "GET /static/bundles/bootstrap.libs.js?b9542e11 HTTP/1.1" 200 0 "http://192.168.1.6:16649/plans/new" "Mozilla/5.0 (Macintosh; Intel Mac OS X 10_15_5) AppleWebKit/537.36 (KHTML, like Gecko) Chrome/84.0.4147.89 Safari/537.36"
192.168.1.2 - - [31/Jul/2020:01:31:24 -0400] "GET /static/bundles/jquery.libs.js?5abce2e8 HTTP/1.1" 200 0 "http://192.168.1.6:16649/plans/new" "Mozilla/5.0 (Macintosh; Intel Mac OS X 10_15_5) AppleWebKit/537.36 (KHTML, like Gecko) Chrome/84.0.4147.89 Safari/537.36"
192.168.1.2 - - [31/Jul/2020:01:31:24 -0400] "GET /v0/modes HTTP/1.1" 200 30 "http://192.168.1.6:16649/plans/new" "Mozilla/5.0 (Macintosh; Intel Mac OS X 10_15_5) AppleWebKit/537.36 (KHTML, like Gecko) Chrome/84.0.4147.89 Safari/537.36"
192.168.1.2 - - [31/Jul/2020:01:31:24 -0400] "GET /static/images/chevron-down.png HTTP/1.1" 200 0 "http://192.168.1.6:16649/static/bundles/iris.css?49116668" "Mozilla/5.0 (Macintosh; Intel Mac OS X 10_15_5) AppleWebKit/537.36 (KHTML, like Gecko) Chrome/84.0.4147.89 Safari/537.36"
Aborting response due to origin not allowed
[2020-07-31 01:31:24 -0400] [3043] [INFO] falcon_cors Aborting response due to origin not allowed
192.168.1.2 - - [31/Jul/2020:01:31:24 -0400] "GET /static/fonts/glyphicons-halflings-regular.woff2 HTTP/1.1" 200 0 "http://192.168.1.6:16649/static/bundles/libs.css?126f96b3" "Mozilla/5.0 (Macintosh; Intel Mac OS X 10_15_5) AppleWebKit/537.36 (KHTML, like Gecko) Chrome/84.0.4147.89 Safari/537.36"
192.168.1.2 - - [31/Jul/2020:02:20:01 -0400] "GET /static/bundles/iris.css?49116668 HTTP/1.1" 200 0 "http://192.168.1.6:16649/plans/" "Mozilla/5.0 (Macintosh; Intel Mac OS X 10_15_5) AppleWebKit/537.36 (KHTML, like Gecko) Chrome/84.0.4147.89 Safari/537.36"
192.168.1.2 - - [31/Jul/2020:02:20:01 -0400] "GET /static/bundles/libs.css?126f96b3 HTTP/1.1" 200 0 "http://192.168.1.6:16649/plans/" "Mozilla/5.0 (Macintosh; Intel Mac OS X 10_15_5) AppleWebKit/537.36 (KHTML, like Gecko) Chrome/84.0.4147.89 Safari/537.36"
[2020-07-31 15:25:22 -0400] [12578] [INFO] Booting worker with pid: 12578
[2020-07-31 15:25:22 -0400] [3040] [INFO] Handling signal: hup
[2020-07-31 15:25:22 -0400] [3040] [INFO] Hang up: Master
[2020-07-31 15:25:23 -0400] [12581] [INFO] Booting worker with pid: 12581
[2020-07-31 15:25:24 -0400] [12578] [INFO] iris.api Not using ZK to get senders. Using host ('127.0.0.1', 2321) for master instead.
[2020-07-31 15:25:24 -0400] [12581] [INFO] iris.api Not using ZK to get senders. Using host ('127.0.0.1', 2321) for master instead.
[2020-07-31 15:25:24 -0400] [12578] [INFO] iris.ui Web asset root: "/home/osboxes/iris/src/iris/ui"
[2020-07-31 15:25:24 -0400] [12581] [INFO] iris.ui Web asset root: "/home/osboxes/iris/src/iris/ui"
[2020-07-31 15:25:24 -0400] [12578] [INFO] iris.ui Building bundle: bundles/jquery.libs.js
[2020-07-31 15:25:24 -0400] [12578] [INFO] iris.ui Building bundle: bundles/bootstrap.libs.js
[2020-07-31 15:25:24 -0400] [12581] [INFO] iris.ui Building bundle: bundles/jquery.libs.js
[2020-07-31 15:25:24 -0400] [12578] [INFO] iris.ui Building bundle: bundles/iris.js
[2020-07-31 15:25:24 -0400] [12578] [INFO] iris.ui Building bundle: bundles/libs.css
[2020-07-31 15:25:24 -0400] [12578] [INFO] iris.ui Building bundle: bundles/iris.css
[2020-07-31 15:25:24 -0400] [12581] [INFO] iris.ui Building bundle: bundles/bootstrap.libs.js
[2020-07-31 15:25:24 -0400] [12581] [INFO] iris.ui Building bundle: bundles/iris.js
[2020-07-31 15:25:24 -0400] [12581] [INFO] iris.ui Building bundle: bundles/libs.css
[2020-07-31 15:25:24 -0400] [12581] [INFO] iris.ui Building bundle: bundles/iris.css
[2020-07-31 15:25:24 -0400] [12578] [INFO] Worker exiting (pid: 12578)
